Archive member included to satisfy reference by file (symbol)

C:/Users/fg7fww/_Install/App/DemoBoards/RSL10/Packages_RSL10_2.0/ONSemiconductor/RSL10/2.0.0//lib/ble_core/release\libblelib.a(rwip.o)
                              ./code/ble_std.o (BLE_Reset)
C:/Users/fg7fww/_Install/App/DemoBoards/RSL10/Packages_RSL10_2.0/ONSemiconductor/RSL10/2.0.0//lib/ble_core/release\libblelib.a(rwble.o)
                              C:/Users/fg7fww/_Install/App/DemoBoards/RSL10/Packages_RSL10_2.0/ONSemiconductor/RSL10/2.0.0//lib/ble_core/release\libblelib.a(rwip.o) (rwble_init)
C:/Users/fg7fww/_Install/App/DemoBoards/RSL10/Packages_RSL10_2.0/ONSemiconductor/RSL10/2.0.0//lib/ble_core/release\libblelib.a(rf_atlas.o)
                              C:/Users/fg7fww/_Install/App/DemoBoards/RSL10/Packages_RSL10_2.0/ONSemiconductor/RSL10/2.0.0//lib/ble_core/release\libblelib.a(rwip.o) (rf_init)
C:/Users/fg7fww/_Install/App/DemoBoards/RSL10/Packages_RSL10_2.0/ONSemiconductor/RSL10/2.0.0//lib/ble_core/release\libblelib.a(prf-prf_utils.o)
                              ./code/ble_bass.o (prf_env_get)
C:/Users/fg7fww/_Install/App/DemoBoards/RSL10/Packages_RSL10_2.0/ONSemiconductor/RSL10/2.0.0//lib/ble_core/release\libblelib.a(lld_evt.o)
                              C:/Users/fg7fww/_Install/App/DemoBoards/RSL10/Packages_RSL10_2.0/ONSemiconductor/RSL10/2.0.0//lib/ble_core/release\libblelib.a(rwble.o) (lld_evt_env)
C:/Users/fg7fww/_Install/App/DemoBoards/RSL10/Packages_RSL10_2.0/ONSemiconductor/RSL10/2.0.0//lib/ble_core/release\libblelib.a(lld_sleep.o)
                              C:/Users/fg7fww/_Install/App/DemoBoards/RSL10/Packages_RSL10_2.0/ONSemiconductor/RSL10/2.0.0//lib/ble_core/release\libblelib.a(rwip.o) (lld_sleep_params)
C:/Users/fg7fww/_Install/App/DemoBoards/RSL10/Packages_RSL10_2.0/ONSemiconductor/RSL10/2.0.0//lib/ble_core/release\libblelib.a(hci.o)
                              C:/Users/fg7fww/_Install/App/DemoBoards/RSL10/Packages_RSL10_2.0/ONSemiconductor/RSL10/2.0.0//lib/ble_core/release\libblelib.a(rwip.o) (hci_reset)
C:/Users/fg7fww/_Install/App/DemoBoards/RSL10/Packages_RSL10_2.0/ONSemiconductor/RSL10/2.0.0//lib/ble_core/release\libblelib.a(hci_fc.o)
                              C:/Users/fg7fww/_Install/App/DemoBoards/RSL10/Packages_RSL10_2.0/ONSemiconductor/RSL10/2.0.0//lib/ble_core/release\libblelib.a(hci.o) (hci_fc_init)
C:/Users/fg7fww/_Install/App/DemoBoards/RSL10/Packages_RSL10_2.0/ONSemiconductor/RSL10/2.0.0//lib/ble_core/release\libblelib.a(hci_msg.o)
                              C:/Users/fg7fww/_Install/App/DemoBoards/RSL10/Packages_RSL10_2.0/ONSemiconductor/RSL10/2.0.0//lib/ble_core/release\libblelib.a(hci.o) (hci_look_for_cmd_desc)
C:/Users/fg7fww/_Install/App/DemoBoards/RSL10/Packages_RSL10_2.0/ONSemiconductor/RSL10/2.0.0//lib/ble_core/release\libblelib.a(llm.o)
                              C:/Users/fg7fww/_Install/App/DemoBoards/RSL10/Packages_RSL10_2.0/ONSemiconductor/RSL10/2.0.0//lib/ble_core/release\libblelib.a(rwip.o) (llm_le_env)
C:/Users/fg7fww/_Install/App/DemoBoards/RSL10/Packages_RSL10_2.0/ONSemiconductor/RSL10/2.0.0//lib/ble_core/release\libblelib.a(llm_task.o)
                              C:/Users/fg7fww/_Install/App/DemoBoards/RSL10/Packages_RSL10_2.0/ONSemiconductor/RSL10/2.0.0//lib/ble_core/release\libblelib.a(llm.o) (llm_state)
C:/Users/fg7fww/_Install/App/DemoBoards/RSL10/Packages_RSL10_2.0/ONSemiconductor/RSL10/2.0.0//lib/ble_core/release\libblelib.a(llm_util.o)
                              C:/Users/fg7fww/_Install/App/DemoBoards/RSL10/Packages_RSL10_2.0/ONSemiconductor/RSL10/2.0.0//lib/ble_core/release\libblelib.a(llm.o) (llm_util_bd_addr_wl_position)
C:/Users/fg7fww/_Install/App/DemoBoards/RSL10/Packages_RSL10_2.0/ONSemiconductor/RSL10/2.0.0//lib/ble_core/release\libblelib.a(lld.o)
                              C:/Users/fg7fww/_Install/App/DemoBoards/RSL10/Packages_RSL10_2.0/ONSemiconductor/RSL10/2.0.0//lib/ble_core/release\libblelib.a(rwble.o) (lld_init)
C:/Users/fg7fww/_Install/App/DemoBoards/RSL10/Packages_RSL10_2.0/ONSemiconductor/RSL10/2.0.0//lib/ble_core/release\libblelib.a(lld_pdu.o)
                              C:/Users/fg7fww/_Install/App/DemoBoards/RSL10/Packages_RSL10_2.0/ONSemiconductor/RSL10/2.0.0//lib/ble_core/release\libblelib.a(lld_evt.o) (lld_pdu_check)
C:/Users/fg7fww/_Install/App/DemoBoards/RSL10/Packages_RSL10_2.0/ONSemiconductor/RSL10/2.0.0//lib/ble_core/release\libblelib.a(lld_util.o)
                              C:/Users/fg7fww/_Install/App/DemoBoards/RSL10/Packages_RSL10_2.0/ONSemiconductor/RSL10/2.0.0//lib/ble_core/release\libblelib.a(llm_util.o) (lld_util_set_bd_address)
C:/Users/fg7fww/_Install/App/DemoBoards/RSL10/Packages_RSL10_2.0/ONSemiconductor/RSL10/2.0.0//lib/ble_core/release\libblelib.a(lld_wlcoex.o)
                              C:/Users/fg7fww/_Install/App/DemoBoards/RSL10/Packages_RSL10_2.0/ONSemiconductor/RSL10/2.0.0//lib/ble_core/release\libblelib.a(rwip.o) (lld_wlcoex_set)
[...]
Memory Configuration

Name             Origin             Length             Attributes
ROM              0x00000000         0x00001000         r
FLASH            0x00100000         0x0005f000         xrw
PRAM             0x00200000         0x00008000         xrw
DRAM             0x20000000         0x00006000         xrw
DRAM_DSP         0x20006000         0x0000c000         xrw
DRAM_BB          0x20012000         0x00004000         xrw
*default*        0x00000000         0xffffffff

Linker script and memory map

LOAD ./code/app_init.o
LOAD ./code/app_process.o
LOAD ./code/ble_bass.o
LOAD ./code/ble_custom.o
LOAD ./code/ble_std.o
LOAD ./code/spi_interface.o
LOAD ./app.o
LOAD C:/Users/fg7fww/_Install/App/DemoBoards/RSL10/Packages_RSL10_2.0/ONSemiconductor/RSL10/2.0.0//lib/ble_core/release\libblelib.a
LOAD C:/Users/fg7fww/_Install/App/DemoBoards/RSL10/Packages_RSL10_2.0/ONSemiconductor/RSL10/2.0.0//lib/ble_core/release\libkelib.a
LOAD C:/Users/fg7fww/_Install/App/DemoBoards/RSL10/Packages_RSL10_2.0/ONSemiconductor/RSL10/2.0.0//lib/ble_profiles/release\libbass.a
LOAD C:/Users/fg7fww/_Install/App/DemoBoards/RSL10/Packages_RSL10_2.0/ONSemiconductor/RSL10/2.0.0//lib/release\libcmsis.a
LOAD C:/Users/fg7fww/_Install/App/DemoBoards/RSL10/Packages_RSL10_2.0/ONSemiconductor/RSL10/2.0.0//lib/release\libsyslib.a
LOAD C:/Users/fg7fww/_Install/App/DemoBoards/RSL10/Packages_RSL10_2.0/ONSemiconductor/RSL10/2.0.0//lib/ble_core/release\libweak_prf.a
START GROUP
LOAD c:/program files (x86)/on semiconductor/rsl10 sdk/arm_tools/bin/../lib/gcc/arm-none-eabi/6.3.1/thumb/v7-m\libgcc.a
LOAD c:/program files (x86)/on semiconductor/rsl10 sdk/arm_tools/bin/../lib/gcc/arm-none-eabi/6.3.1/../../../../arm-none-eabi/lib/thumb/v7-m\libg_nano.a
LOAD c:/program files (x86)/on semiconductor/rsl10 sdk/arm_tools/bin/../lib/gcc/arm-none-eabi/6.3.1/../../../../arm-none-eabi/lib/thumb/v7-m\libc_nano.a
END GROUP
START GROUP
LOAD c:/program files (x86)/on semiconductor/rsl10 sdk/arm_tools/bin/../lib/gcc/arm-none-eabi/6.3.1/thumb/v7-m\libgcc.a
LOAD c:/program files (x86)/on semiconductor/rsl10 sdk/arm_tools/bin/../lib/gcc/arm-none-eabi/6.3.1/../../../../arm-none-eabi/lib/thumb/v7-m\libc_nano.a
END GROUP
                0x20006000                __stack = (ORIGIN (DRAM) + LENGTH (DRAM))
                [!provide]                PROVIDE (__stack, __stack)
                0x00000400                __Main_Stack_Size = 0x400
                [!provide]                PROVIDE (_Main_Stack_Size, __Main_Stack_Size)
                0x20005c00                __Main_Stack_Limit = (__stack - __Main_Stack_Size)
                [!provide]                PROVIDE (_Main_Stack_Limit, __Main_Stack_Limit)
                0x200037a8                PROVIDE (__Heap_Begin__, __noinit_end__)
                0x20005c00                PROVIDE (__Heap_Limit__, (__stack - __Main_Stack_Size))
                0xe000ed08                __VTOR = 0xe000ed08

.text           0x00100000    0x20444
                0x00100000                . = ALIGN (0x4)
 *(.interrupt_vector)
 .interrupt_vector
                0x00100000      0x164 C:/Users/fg7fww/_Install/App/DemoBoards/RSL10/Packages_RSL10_2.0/ONSemiconductor/RSL10/2.0.0//lib/release\libcmsis.a(startup_rsl10.o)
                0x00100000                ISR_Vector_Table
 *(.reset)
 .reset         0x00100164       0x18 C:/Users/fg7fww/_Install/App/DemoBoards/RSL10/Packages_RSL10_2.0/ONSemiconductor/RSL10/2.0.0//lib/release\libcmsis.a(startup_rsl10.o)
                0x00100164                Reset_Handler
                0x0010017c                . = ALIGN (0x4)
                0x0010017c                PROVIDE (__preinit_array_start__, .)
 *(.preinit_array_sysinit .preinit_array_sysinit.*)
 *(.preinit_array_platform .preinit_array_platform.*)
 *(.preinit_array .preinit_array.*)
                0x0010017c                PROVIDE (__preinit_array_end__, .)
                0x0010017c                . = ALIGN (0x4)
                0x0010017c                PROVIDE (__init_array_start__, .)
 *(SORT(.init_array.*))
 *(.init_array)
                0x0010017c                PROVIDE (__init_array_end__, .)
                0x0010017c                . = ALIGN (0x4)
 *(.text .text.*)
 .text.App_Env_Initialize
                0x0010017c       0x28 ./code/app_init.o
                0x0010017c                App_Env_Initialize
 .text.App_Initialize
                0x001001a4      0x130 ./code/app_init.o
                0x001001a4                App_Initialize
 .text.Msg_Handler
                0x001002d4        0x4 ./code/app_process.o
                0x001002d4                Msg_Handler
 .text.APP_Timer
                0x001002d8       0xc4 ./code/app_process.o
                0x001002d8                APP_Timer
 .text.LED_Timer
                0x0010039c       0xf0 ./code/app_process.o
                0x0010039c                LED_Timer
 .text.Bass_Env_Initialize
                0x0010048c       0x1c ./code/ble_bass.o
                0x0010048c                Bass_Env_Initialize
 .text.Batt_ServiceAdd_Server
                0x001004a8       0x3c ./code/ble_bass.o
                0x001004a8                Batt_ServiceAdd_Server
 .text.Batt_ServiceEnable_Server
                0x001004e4       0x2a ./code/ble_bass.o
                0x001004e4                Batt_ServiceEnable_Server
 .text.Batt_LevelUpdateSend
                0x0010050e       0x2c ./code/ble_bass.o
                0x0010050e                Batt_LevelUpdateSend
 *fill*         0x0010053a        0x2 
 .text.Batt_LevelNtfCfgInd
                0x0010053c       0x20 ./code/ble_bass.o
                0x0010053c                Batt_LevelNtfCfgInd
 .text.Batt_EnableRsp_Server
                0x0010055c       0x28 ./code/ble_bass.o
                0x0010055c                Batt_EnableRsp_Server
 .text.CustomService_Env_Initialize
                0x00100584       0x2c ./code/ble_custom.o
                0x00100584                CustomService_Env_Initialize
 .text.CustomService_ServiceAdd
                0x001005b0       0xa0 ./code/ble_custom.o
                0x001005b0                CustomService_ServiceAdd
 .text.GATTM_AddSvcRsp
                0x00100650       0x40 ./code/ble_custom.o
                0x00100650                GATTM_AddSvcRsp
 .text.GATTC_ReadReqInd
                0x00100690      0x14c ./code/ble_custom.o
                0x00100690                GATTC_ReadReqInd
 .text.GATTC_WriteReqInd
                0x001007dc       0xfc ./code/ble_custom.o
                0x001007dc                GATTC_WriteReqInd
 .text.CustomService_SendNotification
                0x001008d8       0x80 ./code/ble_custom.o
                0x001008d8                CustomService_SendNotification
 .text.GATTC_CmpEvt
                0x00100958       0x34 ./code/ble_custom.o
                0x00100958                GATTC_CmpEvt
 .text.GATTC_AttInfoReqInd
                0x0010098c       0x6c ./code/ble_custom.o
                0x0010098c                GATTC_AttInfoReqInd
 .text.Device_Param_Prepare
                0x001009f8       0x10 ./code/ble_std.o
                0x001009f8                Device_Param_Prepare
 .text.Find_Connected_Device_Index
                0x00100a08       0x30 ./code/ble_std.o
                0x00100a08                Find_Connected_Device_Index
 .text.Connected_Peer_Num
                0x00100a38       0x24 ./code/ble_std.o
                0x00100a38                Connected_Peer_Num
 .text.BLE_Initialize
                0x00100a5c      0x11c ./code/ble_std.o
                0x00100a5c                BLE_Initialize
 .text.Service_Add
                0x00100b78       0x28 ./code/ble_std.o
                0x00100b78                Service_Add
 .text.Advertising_Start
                0x00100ba0       0xe8 ./code/ble_std.o
                0x00100ba0                Advertising_Start
 .text.GAPM_ProfileAddedInd
                0x00100c88       0x34 ./code/ble_std.o
                0x00100c88                GAPM_ProfileAddedInd
 .text.GAPM_CmpEvt
                0x00100cbc       0xa0 ./code/ble_std.o
                0x00100cbc                GAPM_CmpEvt
 .text.GAPC_GetDevInfoReqInd
                0x00100d5c       0x68 ./code/ble_std.o
                0x00100d5c                GAPC_GetDevInfoReqInd
 .text.GAPC_CmpEvt
                0x00100dc4        0x4 ./code/ble_std.o
                0x00100dc4                GAPC_CmpEvt
 .text.GAPC_ParamUpdatedInd
                0x00100dc8       0x2c ./code/ble_std.o
                0x00100dc8                GAPC_ParamUpdatedInd
 .text.GAPC_ParamUpdateReqInd
                0x00100df4       0x48 ./code/ble_std.o
                0x00100df4                GAPC_ParamUpdateReqInd
 .text.Service_Enable
                0x00100e3c       0x44 ./code/ble_std.o
                0x00100e3c                Service_Enable
 .text.BLE_SetServiceState
                0x00100e80       0x48 ./code/ble_std.o
                0x00100e80                BLE_SetServiceState
 .text.GAPC_DisconnectInd
                0x00100ec8       0x28 ./code/ble_std.o
                0x00100ec8                GAPC_DisconnectInd
 .text.Send_Connection_Confirmation
                0x00100ef0       0x3c ./code/ble_std.o
                0x00100ef0                Send_Connection_Confirmation
 .text.GAPC_ConnectionReqInd
                0x00100f2c       0x54 ./code/ble_std.o
                0x00100f2c                GAPC_ConnectionReqInd
 .text.SPI_IF_GetRecvByte
                0x00100f80       0x38 ./code/spi_interface.o
 .text.SPI_IF_Init
                0x00100fb8       0x88 ./code/spi_interface.o
                0x00100fb8                SPI_IF_Init
 .text.SPI_IF_MessagePending
                0x00101040        0xc ./code/spi_interface.o
                0x00101040                SPI_IF_MessagePending
 .text.SPI_IF_SetMessage
                0x0010104c       0x44 ./code/spi_interface.o
                0x0010104c                SPI_IF_SetMessage
 .text.SPI_IF_GetMessage
                0x00101090       0x38 ./code/spi_interface.o
                0x00101090                SPI_IF_GetMessage
 .text.DIO0_IRQHandler
                0x001010c8       0x2c ./code/spi_interface.o
                0x001010c8                DIO0_IRQHandler
 .text.SPI1_RX_IRQHandler
                0x001010f4      0x114 ./code/spi_interface.o
                0x001010f4                SPI1_RX_IRQHandler
 .text.main     0x00101208      0x174 ./app.o
                0x00101208                main
 .text.BLE_Reset
                0x0010137c       0x38 C:/Users/fg7fww/_Install/App/DemoBoards/RSL10/Packages_RSL10_2.0/ONSemiconductor/RSL10/2.0.0//lib/ble_core/release\libblelib.a(rwip.o)
                0x0010137c                BLE_Reset
 .text.rwip_reset
                0x001013b4       0x34 C:/Users/fg7fww/_Install/App/DemoBoards/RSL10/Packages_RSL10_2.0/ONSemiconductor/RSL10/2.0.0//lib/ble_core/release\libblelib.a(rwip.o)
                0x001013b4                rwip_reset
 .text.rwip_prevent_sleep_set
                0x001013e8       0x14 C:/Users/fg7fww/_Install/App/DemoBoards/RSL10/Packages_RSL10_2.0/ONSemiconductor/RSL10/2.0.0//lib/ble_core/release\libblelib.a(rwip.o)
                0x001013e8                rwip_prevent_sleep_set
 .text.rwip_wakeup
                0x001013fc       0x10 C:/Users/fg7fww/_Install/App/DemoBoards/RSL10/Packages_RSL10_2.0/ONSemiconductor/RSL10/2.0.0//lib/ble_core/release\libblelib.a(rwip.o)
                0x001013fc                rwip_wakeup
 .text.rwip_prevent_sleep_clear
                0x0010140c       0x14 C:/Users/fg7fww/_Install/App/DemoBoards/RSL10/Packages_RSL10_2.0/ONSemiconductor/RSL10/2.0.0//lib/ble_core/release\libblelib.a(rwip.o)
                0x0010140c                rwip_prevent_sleep_clear
 .text.rwip_wakeup_end
                0x00101420       0x24 C:/Users/fg7fww/_Install/App/DemoBoards/RSL10/Packages_RSL10_2.0/ONSemiconductor/RSL10/2.0.0//lib/ble_core/release\libblelib.a(rwip.o)
                0x00101420                rwip_wakeup_end
 .text.rwip_sleep_lpcycles_2_us
                0x00101444       0x4c C:/Users/fg7fww/_Install/App/DemoBoards/RSL10/Packages_RSL10_2.0/ONSemiconductor/RSL10/2.0.0//lib/ble_core/release\libblelib.a(rwip.o)
                0x00101444                rwip_sleep_lpcycles_2_us
 .text.rwip_us_2_lpcycles
                0x00101490       0x24 C:/Users/fg7fww/_Install/App/DemoBoards/RSL10/Packages_RSL10_2.0/ONSemiconductor/RSL10/2.0.0//lib/ble_core/release\libblelib.a(rwip.o)
                0x00101490                rwip_us_2_lpcycles
 .text.rwip_wakeup_delay_set
                0x001014b4       0x2c C:/Users/fg7fww/_Install/App/DemoBoards/RSL10/Packages_RSL10_2.0/ONSemiconductor/RSL10/2.0.0//lib/ble_core/release\libblelib.a(rwip.o)
                0x001014b4                rwip_wakeup_delay_set
 .text.BLE_InitNoTL
                0x001014e0       0x44 C:/Users/fg7fww/_Install/App/DemoBoards/RSL10/Packages_RSL10_2.0/ONSemiconductor/RSL10/2.0.0//lib/ble_core/release\libblelib.a(rwip.o)
                0x001014e0                BLE_InitNoTL
 .text.rwble_init
                0x00101524       0x28 C:/Users/fg7fww/_Install/App/DemoBoards/RSL10/Packages_RSL10_2.0/ONSemiconductor/RSL10/2.0.0//lib/ble_core/release\libblelib.a(rwble.o)
                0x00101524                rwble_init
 .text.rwble_reset
                0x0010154c       0x5c C:/Users/fg7fww/_Install/App/DemoBoards/RSL10/Packages_RSL10_2.0/ONSemiconductor/RSL10/2.0.0//lib/ble_core/release\libblelib.a(rwble.o)
                0x0010154c                rwble_reset
 .text.rwble_isr
                0x001015a8       0xb8 C:/Users/fg7fww/_Install/App/DemoBoards/RSL10/Packages_RSL10_2.0/ONSemiconductor/RSL10/2.0.0//lib/ble_core/release\libblelib.a(rwble.o)
                0x001015a8                BLE_CSCNT_IRQHandler
                0x001015a8                BLE_SW_IRQHandler
                0x001015a8                BLE_AUDIO0_IRQHandler
                0x001015a8                BLE_SLP_IRQHandler
                0x001015a8                BLE_RX_IRQHandler
                0x001015a8                rwble_isr
                0x001015a8                BLE_AUDIO2_IRQHandler
                0x001015a8                BLE_AUDIO1_IRQHandler
                0x001015a8                BLE_ERROR_IRQHandler
                0x001015a8                BLE_EVENT_IRQHandler
                0x001015a8                BLE_CRYPT_IRQHandler
                0x001015a8                BLE_FINETGTIM_IRQHandler
 .text.rf_atl_spi_tf
                0x00101660       0x24 C:/Users/fg7fww/_Install/App/DemoBoards/RSL10/Packages_RSL10_2.0/ONSemiconductor/RSL10/2.0.0//lib/ble_core/release\libblelib.a(rf_atlas.o)
 .text.rf_atl_reg_rd
                0x00101684       0x2c C:/Users/fg7fww/_Install/App/DemoBoards/RSL10/Packages_RSL10_2.0/ONSemiconductor/RSL10/2.0.0//lib/ble_core/release\libblelib.a(rf_atlas.o)
 .text.rf_reset
                0x001016b0        0x2 C:/Users/fg7fww/_Install/App/DemoBoards/RSL10/Packages_RSL10_2.0/ONSemiconductor/RSL10/2.0.0//lib/ble_core/release\libblelib.a(rf_atlas.o)
 .text.rf_force_agc_enable
                0x001016b2        0x2 C:/Users/fg7fww/_Install/App/DemoBoards/RSL10/Packages_RSL10_2.0/ONSemiconductor/RSL10/2.0.0//lib/ble_core/release\libblelib.a(rf_atlas.o)
 .text.rf_txpwr_dbm_get
                0x001016b4        0x4 C:/Users/fg7fww/_Install/App/DemoBoards/RSL10/Packages_RSL10_2.0/ONSemiconductor/RSL10/2.0.0//lib/ble_core/release\libblelib.a(rf_atlas.o)
 .text.rf_sleep
                0x001016b8       0x10 C:/Users/fg7fww/_Install/App/DemoBoards/RSL10/Packages_RSL10_2.0/ONSemiconductor/RSL10/2.0.0//lib/ble_core/release\libblelib.a(rf_atlas.o)
 .text.rf_rssi_convert
                0x001016c8       0x34 C:/Users/fg7fww/_Install/App/DemoBoards/RSL10/Packages_RSL10_2.0/ONSemiconductor/RSL10/2.0.0//lib/ble_core/release\libblelib.a(rf_atlas.o)
 .text.rf_atl_reg_burst_wr
                0x001016fc       0x3c C:/Users/fg7fww/_Install/App/DemoBoards/RSL10/Packages_RSL10_2.0/ONSemiconductor/RSL10/2.0.0//lib/ble_core/release\libblelib.a(rf_atlas.o)
 .text.rf_atl_reg_wr
                0x00101738       0x24 C:/Users/fg7fww/_Install/App/DemoBoards/RSL10/Packages_RSL10_2.0/ONSemiconductor/RSL10/2.0.0//lib/ble_core/release\libblelib.a(rf_atlas.o)
 .text.rf_init  0x0010175c      0x474 C:/Users/fg7fww/_Install/App/DemoBoards/RSL10/Packages_RSL10_2.0/ONSemiconductor/RSL10/2.0.0//lib/ble_core/release\libblelib.a(rf_atlas.o)
                0x0010175c                rf_init
 .text.prf_itf_get
                0x00101bd0       0xcc C:/Users/fg7fww/_Install/App/DemoBoards/RSL10/Packages_RSL10_2.0/ONSemiconductor/RSL10/2.0.0//lib/ble_core/release\libblelib.a(prf-prf_utils.o)
 .text.prf_init
                0x00101c9c       0x64 C:/Users/fg7fww/_Install/App/DemoBoards/RSL10/Packages_RSL10_2.0/ONSemiconductor/RSL10/2.0.0//lib/ble_core/release\libblelib.a(prf-prf_utils.o)
                0x00101c9c                prf_init
 .text.prf_add_profile
                0x00101d00       0x6c C:/Users/fg7fww/_Install/App/DemoBoards/RSL10/Packages_RSL10_2.0/ONSemiconductor/RSL10/2.0.0//lib/ble_core/release\libblelib.a(prf-prf_utils.o)
                0x00101d00                prf_add_profile
 .text.prf_create
                0x00101d6c       0x28 C:/Users/fg7fww/_Install/App/DemoBoards/RSL10/Packages_RSL10_2.0/ONSemiconductor/RSL10/2.0.0//lib/ble_core/release\libblelib.a(prf-prf_utils.o)
                0x00101d6c                prf_create
 .text.prf_cleanup
                0x00101d94       0x34 C:/Users/fg7fww/_Install/App/DemoBoards/RSL10/Packages_RSL10_2.0/ONSemiconductor/RSL10/2.0.0//lib/ble_core/release\libblelib.a(prf-prf_utils.o)
                0x00101d94                prf_cleanup
 .text.prf_env_get
                0x00101dc8       0x24 C:/Users/fg7fww/_Install/App/DemoBoards/RSL10/Packages_RSL10_2.0/ONSemiconductor/RSL10/2.0.0//lib/ble_core/release\libblelib.a(prf-prf_utils.o)
                0x00101dc8                prf_env_get
 .text.prf_src_task_get
                0x00101dec       0x10 C:/Users/fg7fww/_Install/App/DemoBoards/RSL10/Packages_RSL10_2.0/ONSemiconductor/RSL10/2.0.0//lib/ble_core/release\libblelib.a(prf-prf_utils.o)
                0x00101dec                prf_src_task_get
 .text.prf_dst_task_get
                0x00101dfc       0x10 C:/Users/fg7fww/_Install/App/DemoBoards/RSL10/Packages_RSL10_2.0/ONSemiconductor/RSL10/2.0.0//lib/ble_core/release\libblelib.a(prf-prf_utils.o)
                0x00101dfc                prf_dst_task_get
 .text.prf_pack_char_pres_fmt
                0x00101e0c       0x1e C:/Users/fg7fww/_Install/App/DemoBoards/RSL10/Packages_RSL10_2.0/ONSemiconductor/RSL10/2.0.0//lib/ble_core/release\libblelib.a(prf-prf_utils.o)
                0x00101e0c                prf_pack_char_pres_fmt
 *fill*         0x00101e2a        0x2 
 .text.lld_evt_winsize_change
                0x00101e2c       0x8c C:/Users/fg7fww/_Install/App/DemoBoards/RSL10/Packages_RSL10_2.0/ONSemiconductor/RSL10/2.0.0//lib/ble_core/release\libblelib.a(lld_evt.o)
 .text.lld_evt_slave_time_compute
                0x00101eb8       0xa0 C:/Users/fg7fww/_Install/App/DemoBoards/RSL10/Packages_RSL10_2.0/ONSemiconductor/RSL10/2.0.0//lib/ble_core/release\libblelib.a(lld_evt.o)
 .text.lld_evt_prevent_stop
                0x00101f58        0x2 C:/Users/fg7fww/_Install/App/DemoBoards/RSL10/Packages_RSL10_2.0/ONSemiconductor/RSL10/2.0.0//lib/ble_core/release\libblelib.a(lld_evt.o)
                0x00101f58                lld_evt_prevent_stop
 *fill*         0x00101f5a        0x2 
 .text.lld_evt_deferred_elt_push
                0x00101f5c       0x28 C:/Users/fg7fww/_Install/App/DemoBoards/RSL10/Packages_RSL10_2.0/ONSemiconductor/RSL10/2.0.0//lib/ble_core/release\libblelib.a(lld_evt.o)
 .text.lld_evt_elt_wait_insert
                0x00101f84       0x20 C:/Users/fg7fww/_Install/App/DemoBoards/RSL10/Packages_RSL10_2.0/ONSemiconductor/RSL10/2.0.0//lib/ble_core/release\libblelib.a(lld_evt.o)
 .text.lld_evt_deferred_elt_pop
                0x00101fa4       0x2c C:/Users/fg7fww/_Install/App/DemoBoards/RSL10/Packages_RSL10_2.0/ONSemiconductor/RSL10/2.0.0//lib/ble_core/release\libblelib.a(lld_evt.o)
 .text.lld_evt_get_next_free_slot
                0x00101fd0       0x38 C:/Users/fg7fww/_Install/App/DemoBoards/RSL10/Packages_RSL10_2.0/ONSemiconductor/RSL10/2.0.0//lib/ble_core/release\libblelib.a(lld_evt.o)
 .text.lld_evt_elt_wait_get
                0x00102008       0x34 C:/Users/fg7fww/_Install/App/DemoBoards/RSL10/Packages_RSL10_2.0/ONSemiconductor/RSL10/2.0.0//lib/ble_core/release\libblelib.a(lld_evt.o)
 .text.lld_evt_schedule
                0x0010203c      0x150 C:/Users/fg7fww/_Install/App/DemoBoards/RSL10/Packages_RSL10_2.0/ONSemiconductor/RSL10/2.0.0//lib/ble_core/release\libblelib.a(lld_evt.o)
                0x0010203c                lld_evt_schedule
 .text.lld_evt_delete_elt_push
                0x0010218c       0x44 C:/Users/fg7fww/_Install/App/DemoBoards/RSL10/Packages_RSL10_2.0/ONSemiconductor/RSL10/2.0.0//lib/ble_core/release\libblelib.a(lld_evt.o)
                0x0010218c                lld_evt_delete_elt_push
 .text.lld_evt_deffered_elt_handler
                0x001021d0       0xf4 C:/Users/fg7fww/_Install/App/DemoBoards/RSL10/Packages_RSL10_2.0/ONSemiconductor/RSL10/2.0.0//lib/ble_core/release\libblelib.a(lld_evt.o)
                0x001021d0                lld_evt_deffered_elt_handler
 .text.lld_evt_channel_next
                0x001022c4       0x40 C:/Users/fg7fww/_Install/App/DemoBoards/RSL10/Packages_RSL10_2.0/ONSemiconductor/RSL10/2.0.0//lib/ble_core/release\libblelib.a(lld_evt.o)
                0x001022c4                lld_evt_channel_next
 .text.lld_evt_init
                0x00102304      0x12c C:/Users/fg7fww/_Install/App/DemoBoards/RSL10/Packages_RSL10_2.0/ONSemiconductor/RSL10/2.0.0//lib/ble_core/release\libblelib.a(lld_evt.o)
                0x00102304                lld_evt_init
 .text.lld_evt_init_evt
                0x00102430       0x40 C:/Users/fg7fww/_Install/App/DemoBoards/RSL10/Packages_RSL10_2.0/ONSemiconductor/RSL10/2.0.0//lib/ble_core/release\libblelib.a(lld_evt.o)
                0x00102430                lld_evt_init_evt
 .text.lld_evt_elt_delete
                0x00102470       0xc4 C:/Users/fg7fww/_Install/App/DemoBoards/RSL10/Packages_RSL10_2.0/ONSemiconductor/RSL10/2.0.0//lib/ble_core/release\libblelib.a(lld_evt.o)
                0x00102470                lld_evt_elt_delete
 .text.lld_evt_delete_elt_handler
                0x00102534       0x64 C:/Users/fg7fww/_Install/App/DemoBoards/RSL10/Packages_RSL10_2.0/ONSemiconductor/RSL10/2.0.0//lib/ble_core/release\libblelib.a(lld_evt.o)
 .text.lld_evt_drift_compute
                0x00102598       0x38 C:/Users/fg7fww/_Install/App/DemoBoards/RSL10/Packages_RSL10_2.0/ONSemiconductor/RSL10/2.0.0//lib/ble_core/release\libblelib.a(lld_evt.o)
                0x00102598                lld_evt_drift_compute
 .text.lld_evt_rxwin_compute
                0x001025d0       0x8c C:/Users/fg7fww/_Install/App/DemoBoards/RSL10/Packages_RSL10_2.0/ONSemiconductor/RSL10/2.0.0//lib/ble_core/release\libblelib.a(lld_evt.o)
 .text.lld_evt_restart
                0x0010265c      0x790 C:/Users/fg7fww/_Install/App/DemoBoards/RSL10/Packages_RSL10_2.0/ONSemiconductor/RSL10/2.0.0//lib/ble_core/release\libblelib.a(lld_evt.o)
                0x0010265c                lld_evt_restart
 .text.lld_evt_elt_insert
                0x00102dec       0x48 C:/Users/fg7fww/_Install/App/DemoBoards/RSL10/Packages_RSL10_2.0/ONSemiconductor/RSL10/2.0.0//lib/ble_core/release\libblelib.a(lld_evt.o)
                0x00102dec                lld_evt_elt_insert
 .text.lld_evt_canceled
                0x00102e34       0x3e C:/Users/fg7fww/_Install/App/DemoBoards/RSL10/Packages_RSL10_2.0/ONSemiconductor/RSL10/2.0.0//lib/ble_core/release\libblelib.a(lld_evt.o)
                0x00102e34                lld_evt_canceled
 *fill*         0x00102e72        0x2 
 .text.lld_evt_schedule_next
                0x00102e74      0x190 C:/Users/fg7fww/_Install/App/DemoBoards/RSL10/Packages_RSL10_2.0/ONSemiconductor/RSL10/2.0.0//lib/ble_core/release\libblelib.a(lld_evt.o)
                0x00102e74                lld_evt_schedule_next
 .text.lld_evt_scan_create
                0x00103004       0x88 C:/Users/fg7fww/_Install/App/DemoBoards/RSL10/Packages_RSL10_2.0/ONSemiconductor/RSL10/2.0.0//lib/ble_core/release\libblelib.a(lld_evt.o)
                0x00103004                lld_evt_scan_create
 .text.lld_evt_move_to_master
                0x0010308c      0x158 C:/Users/fg7fww/_Install/App/DemoBoards/RSL10/Packages_RSL10_2.0/ONSemiconductor/RSL10/2.0.0//lib/ble_core/release\libblelib.a(lld_evt.o)
                0x0010308c                lld_evt_move_to_master
 .text.lld_evt_update_create
                0x001031e4      0x12c C:/Users/fg7fww/_Install/App/DemoBoards/RSL10/Packages_RSL10_2.0/ONSemiconductor/RSL10/2.0.0//lib/ble_core/release\libblelib.a(lld_evt.o)
                0x001031e4                lld_evt_update_create
 .text.lld_evt_move_to_slave
                0x00103310      0x2d4 C:/Users/fg7fww/_Install/App/DemoBoards/RSL10/Packages_RSL10_2.0/ONSemiconductor/RSL10/2.0.0//lib/ble_core/release\libblelib.a(lld_evt.o)
                0x00103310                lld_evt_move_to_slave
 .text.lld_evt_slave_update
                0x001035e4      0x13c C:/Users/fg7fww/_Install/App/DemoBoards/RSL10/Packages_RSL10_2.0/ONSemiconductor/RSL10/2.0.0//lib/ble_core/release\libblelib.a(lld_evt.o)
                0x001035e4                lld_evt_slave_update
 .text.lld_evt_adv_create
                0x00103720       0x88 C:/Users/fg7fww/_Install/App/DemoBoards/RSL10/Packages_RSL10_2.0/ONSemiconductor/RSL10/2.0.0//lib/ble_core/release\libblelib.a(lld_evt.o)
                0x00103720                lld_evt_adv_create
 .text.lld_evt_end
                0x001037a8      0x174 C:/Users/fg7fww/_Install/App/DemoBoards/RSL10/Packages_RSL10_2.0/ONSemiconductor/RSL10/2.0.0//lib/ble_core/release\libblelib.a(lld_evt.o)
                0x001037a8                lld_evt_end
 .text.lld_evt_rx
                0x0010391c       0x40 C:/Users/fg7fww/_Install/App/DemoBoards/RSL10/Packages_RSL10_2.0/ONSemiconductor/RSL10/2.0.0//lib/ble_core/release\libblelib.a(lld_evt.o)
                0x0010391c                lld_evt_rx
 .text.lld_evt_end_isr
                0x0010395c       0x38 C:/Users/fg7fww/_Install/App/DemoBoards/RSL10/Packages_RSL10_2.0/ONSemiconductor/RSL10/2.0.0//lib/ble_core/release\libblelib.a(lld_evt.o)
                0x0010395c                lld_evt_end_isr
 .text.lld_evt_rx_isr
                0x00103994       0x10 C:/Users/fg7fww/_Install/App/DemoBoards/RSL10/Packages_RSL10_2.0/ONSemiconductor/RSL10/2.0.0//lib/ble_core/release\libblelib.a(lld_evt.o)
                0x00103994                lld_evt_rx_isr
 .text.lld_sleep_init
                0x001039a4       0x44 C:/Users/fg7fww/_Install/App/DemoBoards/RSL10/Packages_RSL10_2.0/ONSemiconductor/RSL10/2.0.0//lib/ble_core/release\libblelib.a(lld_sleep.o)
                0x001039a4                lld_sleep_init
 .text.lld_sleep_wakeup
                0x001039e8       0x80 C:/Users/fg7fww/_Install/App/DemoBoards/RSL10/Packages_RSL10_2.0/ONSemiconductor/RSL10/2.0.0//lib/ble_core/release\libblelib.a(lld_sleep.o)
                0x001039e8                lld_sleep_wakeup
 .text.lld_sleep_wakeup_end
                0x00103a68       0x1c C:/Users/fg7fww/_Install/App/DemoBoards/RSL10/Packages_RSL10_2.0/ONSemiconductor/RSL10/2.0.0//lib/ble_core/release\libblelib.a(lld_sleep.o)
                0x00103a68                lld_sleep_wakeup_end
 .text.hci_evt_mask_set.part.0
                0x00103a84       0x30 C:/Users/fg7fww/_Install/App/DemoBoards/RSL10/Packages_RSL10_2.0/ONSemiconductor/RSL10/2.0.0//lib/ble_core/release\libblelib.a(hci.o)
 .text.hci_reset
                0x00103ab4       0x24 C:/Users/fg7fww/_Install/App/DemoBoards/RSL10/Packages_RSL10_2.0/ONSemiconductor/RSL10/2.0.0//lib/ble_core/release\libblelib.a(hci.o)
                0x00103ab4                hci_reset
 .text.hci_init
                0x00103ad8        0x4 C:/Users/fg7fww/_Install/App/DemoBoards/RSL10/Packages_RSL10_2.0/ONSemiconductor/RSL10/2.0.0//lib/ble_core/release\libblelib.a(hci.o)
                0x00103ad8                hci_init
 .text.hci_send_2_host
                0x00103adc       0xec C:/Users/fg7fww/_Install/App/DemoBoards/RSL10/Packages_RSL10_2.0/ONSemiconductor/RSL10/2.0.0//lib/ble_core/release\libblelib.a(hci.o)
                0x00103adc                hci_send_2_host
 .text.hci_send_2_controller
                0x00103bc8       0x90 C:/Users/fg7fww/_Install/App/DemoBoards/RSL10/Packages_RSL10_2.0/ONSemiconductor/RSL10/2.0.0//lib/ble_core/release\libblelib.a(hci.o)
                0x00103bc8                hci_send_2_controller
 .text.hci_evt_mask_set
                0x00103c58       0x24 C:/Users/fg7fww/_Install/App/DemoBoards/RSL10/Packages_RSL10_2.0/ONSemiconductor/RSL10/2.0.0//lib/ble_core/release\libblelib.a(hci.o)
                0x00103c58                hci_evt_mask_set
 .text.hci_fc_init
                0x00103c7c       0x10 C:/Users/fg7fww/_Install/App/DemoBoards/RSL10/Packages_RSL10_2.0/ONSemiconductor/RSL10/2.0.0//lib/ble_core/release\libblelib.a(hci_fc.o)
                0x00103c7c                hci_fc_init
 .text.hci_fc_acl_buf_size_set
                0x00103c8c       0x20 C:/Users/fg7fww/_Install/App/DemoBoards/RSL10/Packages_RSL10_2.0/ONSemiconductor/RSL10/2.0.0//lib/ble_core/release\libblelib.a(hci_fc.o)
                0x00103c8c                hci_fc_acl_buf_size_set
 .text.hci_fc_acl_en
                0x00103cac       0x30 C:/Users/fg7fww/_Install/App/DemoBoards/RSL10/Packages_RSL10_2.0/ONSemiconductor/RSL10/2.0.0//lib/ble_core/release\libblelib.a(hci_fc.o)
                0x00103cac                hci_fc_acl_en
 .text.hci_fc_host_nb_acl_pkts_complete
                0x00103cdc       0x14 C:/Users/fg7fww/_Install/App/DemoBoards/RSL10/Packages_RSL10_2.0/ONSemiconductor/RSL10/2.0.0//lib/ble_core/release\libblelib.a(hci_fc.o)
                0x00103cdc                hci_fc_host_nb_acl_pkts_complete
 .text.hci_look_for_cmd_desc
                0x00103cf0       0x44 C:/Users/fg7fww/_Install/App/DemoBoards/RSL10/Packages_RSL10_2.0/ONSemiconductor/RSL10/2.0.0//lib/ble_core/release\libblelib.a(hci_msg.o)
                0x00103cf0                hci_look_for_cmd_desc
 .text.hci_look_for_evt_desc
                0x00103d34       0x24 C:/Users/fg7fww/_Install/App/DemoBoards/RSL10/Packages_RSL10_2.0/ONSemiconductor/RSL10/2.0.0//lib/ble_core/release\libblelib.a(hci_msg.o)
                0x00103d34                hci_look_for_evt_desc
 .text.hci_look_for_le_evt_desc
                0x00103d58       0x24 C:/Users/fg7fww/_Install/App/DemoBoards/RSL10/Packages_RSL10_2.0/ONSemiconductor/RSL10/2.0.0//lib/ble_core/release\libblelib.a(hci_msg.o)
                0x00103d58                hci_look_for_le_evt_desc
 .text.llm_wlpub_addr_set
                0x00103d7c       0x24 C:/Users/fg7fww/_Install/App/DemoBoards/RSL10/Packages_RSL10_2.0/ONSemiconductor/RSL10/2.0.0//lib/ble_core/release\libblelib.a(llm.o)
 .text.llm_wlpriv_addr_set
                0x00103da0       0x24 C:/Users/fg7fww/_Install/App/DemoBoards/RSL10/Packages_RSL10_2.0/ONSemiconductor/RSL10/2.0.0//lib/ble_core/release\libblelib.a(llm.o)
 .text.llm_con_req_ind
                0x00103dc4      0x174 C:/Users/fg7fww/_Install/App/DemoBoards/RSL10/Packages_RSL10_2.0/ONSemiconductor/RSL10/2.0.0//lib/ble_core/release\libblelib.a(llm.o)
                0x00103dc4                llm_con_req_ind
 .text.llm_le_adv_report_ind
                0x00103f38      0x32c C:/Users/fg7fww/_Install/App/DemoBoards/RSL10/Packages_RSL10_2.0/ONSemiconductor/RSL10/2.0.0//lib/ble_core/release\libblelib.a(llm.o)
                0x00103f38                llm_le_adv_report_ind
 .text.llm_con_req_tx_cfm
                0x00104264      0x130 C:/Users/fg7fww/_Install/App/DemoBoards/RSL10/Packages_RSL10_2.0/ONSemiconductor/RSL10/2.0.0//lib/ble_core/release\libblelib.a(llm.o)
                0x00104264                llm_con_req_tx_cfm
 .text.llm_common_cmd_complete_send
                0x00104394       0x1c C:/Users/fg7fww/_Install/App/DemoBoards/RSL10/Packages_RSL10_2.0/ONSemiconductor/RSL10/2.0.0//lib/ble_core/release\libblelib.a(llm.o)
                0x00104394                llm_common_cmd_complete_send
 .text.llm_ble_ready
                0x001043b0        0x8 C:/Users/fg7fww/_Install/App/DemoBoards/RSL10/Packages_RSL10_2.0/ONSemiconductor/RSL10/2.0.0//lib/ble_core/release\libblelib.a(llm.o)
                0x001043b0                llm_ble_ready
 .text.llm_common_cmd_status_send
                0x001043b8       0x1c C:/Users/fg7fww/_Install/App/DemoBoards/RSL10/Packages_RSL10_2.0/ONSemiconductor/RSL10/2.0.0//lib/ble_core/release\libblelib.a(llm.o)
                0x001043b8                llm_common_cmd_status_send
 .text.llm_test_mode_start_tx
                0x001043d4      0x258 C:/Users/fg7fww/_Install/App/DemoBoards/RSL10/Packages_RSL10_2.0/ONSemiconductor/RSL10/2.0.0//lib/ble_core/release\libblelib.a(llm.o)
                0x001043d4                llm_test_mode_start_tx
 .text.llm_test_mode_start_rx
                0x0010462c       0xc4 C:/Users/fg7fww/_Install/App/DemoBoards/RSL10/Packages_RSL10_2.0/ONSemiconductor/RSL10/2.0.0//lib/ble_core/release\libblelib.a(llm.o)
                0x0010462c                llm_test_mode_start_rx
 .text.llm_set_adv_param
                0x001046f0      0x164 C:/Users/fg7fww/_Install/App/DemoBoards/RSL10/Packages_RSL10_2.0/ONSemiconductor/RSL10/2.0.0//lib/ble_core/release\libblelib.a(llm.o)
                0x001046f0                llm_set_adv_param
 .text.llm_set_adv_data
                0x00104854       0x90 C:/Users/fg7fww/_Install/App/DemoBoards/RSL10/Packages_RSL10_2.0/ONSemiconductor/RSL10/2.0.0//lib/ble_core/release\libblelib.a(llm.o)
                0x00104854                llm_set_adv_data
 .text.llm_set_scan_rsp_data
                0x001048e4       0x90 C:/Users/fg7fww/_Install/App/DemoBoards/RSL10/Packages_RSL10_2.0/ONSemiconductor/RSL10/2.0.0//lib/ble_core/release\libblelib.a(llm.o)
                0x001048e4                llm_set_scan_rsp_data
 .text.llm_set_scan_param
                0x00104974       0x88 C:/Users/fg7fww/_Install/App/DemoBoards/RSL10/Packages_RSL10_2.0/ONSemiconductor/RSL10/2.0.0//lib/ble_core/release\libblelib.a(llm.o)
                0x00104974                llm_set_scan_param
 .text.llm_wl_clr
                0x001049fc       0x6c C:/Users/fg7fww/_Install/App/DemoBoards/RSL10/Packages_RSL10_2.0/ONSemiconductor/RSL10/2.0.0//lib/ble_core/release\libblelib.a(llm.o)
                0x001049fc                llm_wl_clr
 .text.llm_wl_dev_add
                0x00104a68       0x38 C:/Users/fg7fww/_Install/App/DemoBoards/RSL10/Packages_RSL10_2.0/ONSemiconductor/RSL10/2.0.0//lib/ble_core/release\libblelib.a(llm.o)
                0x00104a68                llm_wl_dev_add
 .text.llm_wl_dev_rem
                0x00104aa0       0x34 C:/Users/fg7fww/_Install/App/DemoBoards/RSL10/Packages_RSL10_2.0/ONSemiconductor/RSL10/2.0.0//lib/ble_core/release\libblelib.a(llm.o)
                0x00104aa0                llm_wl_dev_rem
 .text.llm_wl_dev_add_hdl
                0x00104ad4       0x7c C:/Users/fg7fww/_Install/App/DemoBoards/RSL10/Packages_RSL10_2.0/ONSemiconductor/RSL10/2.0.0//lib/ble_core/release\libblelib.a(llm.o)
                0x00104ad4                llm_wl_dev_add_hdl
 .text.llm_wl_dev_rem_hdl
                0x00104b50       0x78 C:/Users/fg7fww/_Install/App/DemoBoards/RSL10/Packages_RSL10_2.0/ONSemiconductor/RSL10/2.0.0//lib/ble_core/release\libblelib.a(llm.o)
                0x00104b50                llm_wl_dev_rem_hdl
 .text.llm_encryption_start
                0x00104bc8       0xb8 C:/Users/fg7fww/_Install/App/DemoBoards/RSL10/Packages_RSL10_2.0/ONSemiconductor/RSL10/2.0.0//lib/ble_core/release\libblelib.a(llm.o)
                0x00104bc8                llm_encryption_start
 .text.llm_encryption_done
                0x00104c80       0xb0 C:/Users/fg7fww/_Install/App/DemoBoards/RSL10/Packages_RSL10_2.0/ONSemiconductor/RSL10/2.0.0//lib/ble_core/release\libblelib.a(llm.o)
                0x00104c80                llm_encryption_done
 .text.llm_ral_clear
                0x00104d30       0x24 C:/Users/fg7fww/_Install/App/DemoBoards/RSL10/Packages_RSL10_2.0/ONSemiconductor/RSL10/2.0.0//lib/ble_core/release\libblelib.a(llm.o)
                0x00104d30                llm_ral_clear
 .text.llm_init
                0x00104d54      0x1d4 C:/Users/fg7fww/_Install/App/DemoBoards/RSL10/Packages_RSL10_2.0/ONSemiconductor/RSL10/2.0.0//lib/ble_core/release\libblelib.a(llm.o)
                0x00104d54                llm_init
 .text.llm_ral_dev_add
                0x00104f28      0x14c C:/Users/fg7fww/_Install/App/DemoBoards/RSL10/Packages_RSL10_2.0/ONSemiconductor/RSL10/2.0.0//lib/ble_core/release\libblelib.a(llm.o)
                0x00104f28                llm_ral_dev_add
 .text.llm_ral_dev_rm
                0x00105074       0x3c C:/Users/fg7fww/_Install/App/DemoBoards/RSL10/Packages_RSL10_2.0/ONSemiconductor/RSL10/2.0.0//lib/ble_core/release\libblelib.a(llm.o)
                0x00105074                llm_ral_dev_rm
 .text.llm_ral_get_rpa
                0x001050b0       0x70 C:/Users/fg7fww/_Install/App/DemoBoards/RSL10/Packages_RSL10_2.0/ONSemiconductor/RSL10/2.0.0//lib/ble_core/release\libblelib.a(llm.o)
                0x001050b0                llm_ral_get_rpa
 .text.llm_ral_set_timeout
                0x00105120       0x4c C:/Users/fg7fww/_Install/App/DemoBoards/RSL10/Packages_RSL10_2.0/ONSemiconductor/RSL10/2.0.0//lib/ble_core/release\libblelib.a(llm.o)
                0x00105120                llm_ral_set_timeout
 .text.llm_ral_update
                0x0010516c       0x34 C:/Users/fg7fww/_Install/App/DemoBoards/RSL10/Packages_RSL10_2.0/ONSemiconductor/RSL10/2.0.0//lib/ble_core/release\libblelib.a(llm.o)
                0x0010516c                llm_ral_update
 .text.llm_set_adv_en
                0x001051a0      0x130 C:/Users/fg7fww/_Install/App/DemoBoards/RSL10/Packages_RSL10_2.0/ONSemiconductor/RSL10/2.0.0//lib/ble_core/release\libblelib.a(llm.o)
                0x001051a0                llm_set_adv_en
 .text.llm_set_scan_en
                0x001052d0       0xa0 C:/Users/fg7fww/_Install/App/DemoBoards/RSL10/Packages_RSL10_2.0/ONSemiconductor/RSL10/2.0.0//lib/ble_core/release\libblelib.a(llm.o)
                0x001052d0                llm_set_scan_en
 .text.llm_create_con
                0x00105370      0x138 C:/Users/fg7fww/_Install/App/DemoBoards/RSL10/Packages_RSL10_2.0/ONSemiconductor/RSL10/2.0.0//lib/ble_core/release\libblelib.a(llm.o)
                0x00105370                llm_create_con
 .text.llm_dft_handler
                0x001054a8        0x4 C:/Users/fg7fww/_Install/App/DemoBoards/RSL10/Packages_RSL10_2.0/ONSemiconductor/RSL10/2.0.0//lib/ble_core/release\libblelib.a(llm_task.o)
 .text.llm_le_set_host_ch_class_cmd_sto_handler
                0x001054ac       0x10 C:/Users/fg7fww/_Install/App/DemoBoards/RSL10/Packages_RSL10_2.0/ONSemiconductor/RSL10/2.0.0//lib/ble_core/release\libblelib.a(llm_task.o)
 .text.llm_ecc_result_ind_handler
                0x001054bc       0xa0 C:/Users/fg7fww/_Install/App/DemoBoards/RSL10/Packages_RSL10_2.0/ONSemiconductor/RSL10/2.0.0//lib/ble_core/release\libblelib.a(llm_task.o)
 .text.llm_enc_req_handler
                0x0010555c       0x24 C:/Users/fg7fww/_Install/App/DemoBoards/RSL10/Packages_RSL10_2.0/ONSemiconductor/RSL10/2.0.0//lib/ble_core/release\libblelib.a(llm_task.o)
 .text.llm_le_enh_priv_addr_renew_timer_handler
                0x00105580       0x4c C:/Users/fg7fww/_Install/App/DemoBoards/RSL10/Packages_RSL10_2.0/ONSemiconductor/RSL10/2.0.0//lib/ble_core/release\libblelib.a(llm_task.o)
 .text.lld_stop_ind_handler
                0x001055cc       0x58 C:/Users/fg7fww/_Install/App/DemoBoards/RSL10/Packages_RSL10_2.0/ONSemiconductor/RSL10/2.0.0//lib/ble_core/release\libblelib.a(llm_task.o)
 .text.llm_util_bd_addr_wl_position
                0x00105624       0x70 C:/Users/fg7fww/_Install/App/DemoBoards/RSL10/Packages_RSL10_2.0/ONSemiconductor/RSL10/2.0.0//lib/ble_core/release\libblelib.a(llm_util.o)
                0x00105624                llm_util_bd_addr_wl_position
 .text.llm_util_check_address_validity
                0x00105694       0x18 C:/Users/fg7fww/_Install/App/DemoBoards/RSL10/Packages_RSL10_2.0/ONSemiconductor/RSL10/2.0.0//lib/ble_core/release\libblelib.a(llm_util.o)
                0x00105694                llm_util_check_address_validity
 .text.llm_util_check_map_validity
                0x001056ac       0x4a C:/Users/fg7fww/_Install/App/DemoBoards/RSL10/Packages_RSL10_2.0/ONSemiconductor/RSL10/2.0.0//lib/ble_core/release\libblelib.a(llm_util.o)
                0x001056ac                llm_util_check_map_validity
 *fill*         0x001056f6        0x2 
 .text.llm_util_apply_bd_addr
                0x001056f8       0x20 C:/Users/fg7fww/_Install/App/DemoBoards/RSL10/Packages_RSL10_2.0/ONSemiconductor/RSL10/2.0.0//lib/ble_core/release\libblelib.a(llm_util.o)
                0x001056f8                llm_util_apply_bd_addr
 .text.llm_util_check_evt_mask
                0x00105718       0x1c C:/Users/fg7fww/_Install/App/DemoBoards/RSL10/Packages_RSL10_2.0/ONSemiconductor/RSL10/2.0.0//lib/ble_core/release\libblelib.a(llm_util.o)
                0x00105718                llm_util_check_evt_mask
 .text.llm_util_get_channel_map
                0x00105734       0x10 C:/Users/fg7fww/_Install/App/DemoBoards/RSL10/Packages_RSL10_2.0/ONSemiconductor/RSL10/2.0.0//lib/ble_core/release\libblelib.a(llm_util.o)
                0x00105734                llm_util_get_channel_map
 .text.llm_util_get_supp_features
                0x00105744       0x10 C:/Users/fg7fww/_Install/App/DemoBoards/RSL10/Packages_RSL10_2.0/ONSemiconductor/RSL10/2.0.0//lib/ble_core/release\libblelib.a(llm_util.o)
                0x00105744                llm_util_get_supp_features
 .text.llm_util_adv_data_update
                0x00105754       0x40 C:/Users/fg7fww/_Install/App/DemoBoards/RSL10/Packages_RSL10_2.0/ONSemiconductor/RSL10/2.0.0//lib/ble_core/release\libblelib.a(llm_util.o)
                0x00105754                llm_util_adv_data_update
 .text.llm_util_bl_check
                0x00105794       0x68 C:/Users/fg7fww/_Install/App/DemoBoards/RSL10/Packages_RSL10_2.0/ONSemiconductor/RSL10/2.0.0//lib/ble_core/release\libblelib.a(llm_util.o)
                0x00105794                llm_util_bl_check
 .text.llm_util_bd_addr_in_wl
                0x001057fc       0x4e C:/Users/fg7fww/_Install/App/DemoBoards/RSL10/Packages_RSL10_2.0/ONSemiconductor/RSL10/2.0.0//lib/ble_core/release\libblelib.a(llm_util.o)
                0x001057fc                llm_util_bd_addr_in_wl
 *fill*         0x0010584a        0x2 
 .text.llm_util_get_default_phy
                0x0010584c       0x2c C:/Users/fg7fww/_Install/App/DemoBoards/RSL10/Packages_RSL10_2.0/ONSemiconductor/RSL10/2.0.0//lib/ble_core/release\libblelib.a(llm_util.o)
                0x0010584c                llm_util_get_default_phy
 .text.llm_util_bd_addr_in_ral
                0x00105878       0x68 C:/Users/fg7fww/_Install/App/DemoBoards/RSL10/Packages_RSL10_2.0/ONSemiconductor/RSL10/2.0.0//lib/ble_core/release\libblelib.a(llm_util.o)
                0x00105878                llm_util_bd_addr_in_ral
 .text.llm_util_bl_add
                0x001058e0       0x8c C:/Users/fg7fww/_Install/App/DemoBoards/RSL10/Packages_RSL10_2.0/ONSemiconductor/RSL10/2.0.0//lib/ble_core/release\libblelib.a(llm_util.o)
                0x001058e0                llm_util_bl_add
 .text.llm_util_bl_rem
                0x0010596c       0x6c C:/Users/fg7fww/_Install/App/DemoBoards/RSL10/Packages_RSL10_2.0/ONSemiconductor/RSL10/2.0.0//lib/ble_core/release\libblelib.a(llm_util.o)
                0x0010596c                llm_util_bl_rem
 .text.llm_end_evt_defer
                0x001059d8       0xb0 C:/Users/fg7fww/_Install/App/DemoBoards/RSL10/Packages_RSL10_2.0/ONSemiconductor/RSL10/2.0.0//lib/ble_core/release\libblelib.a(llm_util.o)
                0x001059d8                llm_end_evt_defer
 .text.llm_pdu_defer
                0x00105a88       0x80 C:/Users/fg7fww/_Install/App/DemoBoards/RSL10/Packages_RSL10_2.0/ONSemiconductor/RSL10/2.0.0//lib/ble_core/release\libblelib.a(llm_util.o)
                0x00105a88                llm_pdu_defer
 .text.lld_init
                0x00105b08      0x214 C:/Users/fg7fww/_Install/App/DemoBoards/RSL10/Packages_RSL10_2.0/ONSemiconductor/RSL10/2.0.0//lib/ble_core/release\libblelib.a(lld.o)
                0x00105b08                lld_init
 .text.lld_core_reset
                0x00105d1c       0x5c C:/Users/fg7fww/_Install/App/DemoBoards/RSL10/Packages_RSL10_2.0/ONSemiconductor/RSL10/2.0.0//lib/ble_core/release\libblelib.a(lld.o)
                0x00105d1c                lld_core_reset
 .text.lld_adv_start
                0x00105d78      0x230 C:/Users/fg7fww/_Install/App/DemoBoards/RSL10/Packages_RSL10_2.0/ONSemiconductor/RSL10/2.0.0//lib/ble_core/release\libblelib.a(lld.o)
                0x00105d78                lld_adv_start
 .text.lld_adv_stop
                0x00105fa8       0x2c C:/Users/fg7fww/_Install/App/DemoBoards/RSL10/Packages_RSL10_2.0/ONSemiconductor/RSL10/2.0.0//lib/ble_core/release\libblelib.a(lld.o)
                0x00105fa8                lld_adv_stop
 .text.lld_scan_start
                0x00105fd4      0x1bc C:/Users/fg7fww/_Install/App/DemoBoards/RSL10/Packages_RSL10_2.0/ONSemiconductor/RSL10/2.0.0//lib/ble_core/release\libblelib.a(lld.o)
                0x00105fd4                lld_scan_start
 .text.lld_scan_stop
                0x00106190       0x2c C:/Users/fg7fww/_Install/App/DemoBoards/RSL10/Packages_RSL10_2.0/ONSemiconductor/RSL10/2.0.0//lib/ble_core/release\libblelib.a(lld.o)
                0x00106190                lld_scan_stop
 .text.lld_con_start
                0x001061bc      0x614 C:/Users/fg7fww/_Install/App/DemoBoards/RSL10/Packages_RSL10_2.0/ONSemiconductor/RSL10/2.0.0//lib/ble_core/release\libblelib.a(lld.o)
                0x001061bc                lld_con_start
 .text.lld_move_to_master
                0x001067d0       0xc8 C:/Users/fg7fww/_Install/App/DemoBoards/RSL10/Packages_RSL10_2.0/ONSemiconductor/RSL10/2.0.0//lib/ble_core/release\libblelib.a(lld.o)
                0x001067d0                lld_move_to_master
 .text.lld_con_update_req
                0x00106898       0x5a C:/Users/fg7fww/_Install/App/DemoBoards/RSL10/Packages_RSL10_2.0/ONSemiconductor/RSL10/2.0.0//lib/ble_core/release\libblelib.a(lld.o)
                0x00106898                lld_con_update_req
 *fill*         0x001068f2        0x2 
 .text.lld_con_update_after_param_req
                0x001068f4      0x240 C:/Users/fg7fww/_Install/App/DemoBoards/RSL10/Packages_RSL10_2.0/ONSemiconductor/RSL10/2.0.0//lib/ble_core/release\libblelib.a(lld.o)
                0x001068f4                lld_con_update_after_param_req
 .text.lld_con_param_rsp
                0x00106b34       0xfc C:/Users/fg7fww/_Install/App/DemoBoards/RSL10/Packages_RSL10_2.0/ONSemiconductor/RSL10/2.0.0//lib/ble_core/release\libblelib.a(lld.o)
                0x00106b34                lld_con_param_rsp
 .text.lld_con_param_req
                0x00106c30       0xc0 C:/Users/fg7fww/_Install/App/DemoBoards/RSL10/Packages_RSL10_2.0/ONSemiconductor/RSL10/2.0.0//lib/ble_core/release\libblelib.a(lld.o)
                0x00106c30                lld_con_param_req
 .text.lld_con_stop
                0x00106cf0        0x8 C:/Users/fg7fww/_Install/App/DemoBoards/RSL10/Packages_RSL10_2.0/ONSemiconductor/RSL10/2.0.0//lib/ble_core/release\libblelib.a(lld.o)
                0x00106cf0                lld_con_stop
 .text.lld_get_mode
                0x00106cf8       0x28 C:/Users/fg7fww/_Install/App/DemoBoards/RSL10/Packages_RSL10_2.0/ONSemiconductor/RSL10/2.0.0//lib/ble_core/release\libblelib.a(lld.o)
                0x00106cf8                lld_get_mode
 .text.lld_move_to_slave
                0x00106d20      0x1b0 C:/Users/fg7fww/_Install/App/DemoBoards/RSL10/Packages_RSL10_2.0/ONSemiconductor/RSL10/2.0.0//lib/ble_core/release\libblelib.a(lld.o)
                0x00106d20                lld_move_to_slave
 .text.lld_ch_map_ind
                0x00106ed0       0x46 C:/Users/fg7fww/_Install/App/DemoBoards/RSL10/Packages_RSL10_2.0/ONSemiconductor/RSL10/2.0.0//lib/ble_core/release\libblelib.a(lld.o)
                0x00106ed0                lld_ch_map_ind
 .text.lld_con_update_ind
                0x00106f16        0xa C:/Users/fg7fww/_Install/App/DemoBoards/RSL10/Packages_RSL10_2.0/ONSemiconductor/RSL10/2.0.0//lib/ble_core/release\libblelib.a(lld.o)
                0x00106f16                lld_con_update_ind
 .text.lld_crypt_isr
                0x00106f20        0x6 C:/Users/fg7fww/_Install/App/DemoBoards/RSL10/Packages_RSL10_2.0/ONSemiconductor/RSL10/2.0.0//lib/ble_core/release\libblelib.a(lld.o)
                0x00106f20                lld_crypt_isr
 *fill*         0x00106f26        0x2 
 .text.lld_test_mode_tx
                0x00106f28       0xfc C:/Users/fg7fww/_Install/App/DemoBoards/RSL10/Packages_RSL10_2.0/ONSemiconductor/RSL10/2.0.0//lib/ble_core/release\libblelib.a(lld.o)
                0x00106f28                lld_test_mode_tx
 .text.lld_test_mode_rx
                0x00107024       0xf4 C:/Users/fg7fww/_Install/App/DemoBoards/RSL10/Packages_RSL10_2.0/ONSemiconductor/RSL10/2.0.0//lib/ble_core/release\libblelib.a(lld.o)
                0x00107024                lld_test_mode_rx
 .text.lld_test_stop
                0x00107118       0x4c C:/Users/fg7fww/_Install/App/DemoBoards/RSL10/Packages_RSL10_2.0/ONSemiconductor/RSL10/2.0.0//lib/ble_core/release\libblelib.a(lld.o)
                0x00107118                lld_test_stop
 .text.lld_ral_renew_req
                0x00107164       0x14 C:/Users/fg7fww/_Install/App/DemoBoards/RSL10/Packages_RSL10_2.0/ONSemiconductor/RSL10/2.0.0//lib/ble_core/release\libblelib.a(lld.o)
                0x00107164                lld_ral_renew_req
 .text.lld_pdu_llcp_con_param_req_unpk
                0x00107178       0xcc C:/Users/fg7fww/_Install/App/DemoBoards/RSL10/Packages_RSL10_2.0/ONSemiconductor/RSL10/2.0.0//lib/ble_core/release\libblelib.a(lld_pdu.o)
 .text.lld_pdu_llcp_con_param_rsp_unpk
                0x00107244       0xcc C:/Users/fg7fww/_Install/App/DemoBoards/RSL10/Packages_RSL10_2.0/ONSemiconductor/RSL10/2.0.0//lib/ble_core/release\libblelib.a(lld_pdu.o)
 .text.lld_pdu_llcp_length_req_unpk
                0x00107310       0x3e C:/Users/fg7fww/_Install/App/DemoBoards/RSL10/Packages_RSL10_2.0/ONSemiconductor/RSL10/2.0.0//lib/ble_core/release\libblelib.a(lld_pdu.o)
 .text.lld_pdu_llcp_length_rsp_unpk
                0x0010734e       0x3e C:/Users/fg7fww/_Install/App/DemoBoards/RSL10/Packages_RSL10_2.0/ONSemiconductor/RSL10/2.0.0//lib/ble_core/release\libblelib.a(lld_pdu.o)
 .text.lld_pdu_llcp_phy_upd_req_unpk
                0x0010738c       0x2e C:/Users/fg7fww/_Install/App/DemoBoards/RSL10/Packages_RSL10_2.0/ONSemiconductor/RSL10/2.0.0//lib/ble_core/release\libblelib.a(lld_pdu.o)
 .text.lld_pdu_pack
                0x001073ba       0xc0 C:/Users/fg7fww/_Install/App/DemoBoards/RSL10/Packages_RSL10_2.0/ONSemiconductor/RSL10/2.0.0//lib/ble_core/release\libblelib.a(lld_pdu.o)
 .text.lld_pdu_tx_flush_list
                0x0010747a       0x3a C:/Users/fg7fww/_Install/App/DemoBoards/RSL10/Packages_RSL10_2.0/ONSemiconductor/RSL10/2.0.0//lib/ble_core/release\libblelib.a(lld_pdu.o)
 .text.lld_pdu_cntl_aligned_unpk
                0x001074b4       0x16 C:/Users/fg7fww/_Install/App/DemoBoards/RSL10/Packages_RSL10_2.0/ONSemiconductor/RSL10/2.0.0//lib/ble_core/release\libblelib.a(lld_pdu.o)
 *fill*         0x001074ca        0x2 
 .text.lld_pdu_check
                0x001074cc      0x14c C:/Users/fg7fww/_Install/App/DemoBoards/RSL10/Packages_RSL10_2.0/ONSemiconductor/RSL10/2.0.0//lib/ble_core/release\libblelib.a(lld_pdu.o)
                0x001074cc                lld_pdu_check
 .text.lld_pdu_tx_loop
                0x00107618       0x2c C:/Users/fg7fww/_Install/App/DemoBoards/RSL10/Packages_RSL10_2.0/ONSemiconductor/RSL10/2.0.0//lib/ble_core/release\libblelib.a(lld_pdu.o)
                0x00107618                lld_pdu_tx_loop
 .text.lld_pdu_data_tx_push
                0x00107644       0x84 C:/Users/fg7fww/_Install/App/DemoBoards/RSL10/Packages_RSL10_2.0/ONSemiconductor/RSL10/2.0.0//lib/ble_core/release\libblelib.a(lld_pdu.o)
                0x00107644                lld_pdu_data_tx_push
 .text.lld_pdu_data_send
                0x001076c8       0x40 C:/Users/fg7fww/_Install/App/DemoBoards/RSL10/Packages_RSL10_2.0/ONSemiconductor/RSL10/2.0.0//lib/ble_core/release\libblelib.a(lld_pdu.o)
                0x001076c8                lld_pdu_data_send
 .text.lld_pdu_tx_push
                0x00107708       0x3c C:/Users/fg7fww/_Install/App/DemoBoards/RSL10/Packages_RSL10_2.0/ONSemiconductor/RSL10/2.0.0//lib/ble_core/release\libblelib.a(lld_pdu.o)
                0x00107708                lld_pdu_tx_push
 .text.lld_pdu_tx_prog
                0x00107744      0x384 C:/Users/fg7fww/_Install/App/DemoBoards/RSL10/Packages_RSL10_2.0/ONSemiconductor/RSL10/2.0.0//lib/ble_core/release\libblelib.a(lld_pdu.o)
                0x00107744                lld_pdu_tx_prog
 .text.lld_pdu_tx_flush
                0x00107ac8       0x5a C:/Users/fg7fww/_Install/App/DemoBoards/RSL10/Packages_RSL10_2.0/ONSemiconductor/RSL10/2.0.0//lib/ble_core/release\libblelib.a(lld_pdu.o)
                0x00107ac8                lld_pdu_tx_flush
 *fill*         0x00107b22        0x2 
 .text.lld_pdu_adv_pack
                0x00107b24       0x24 C:/Users/fg7fww/_Install/App/DemoBoards/RSL10/Packages_RSL10_2.0/ONSemiconductor/RSL10/2.0.0//lib/ble_core/release\libblelib.a(lld_pdu.o)
                0x00107b24                lld_pdu_adv_pack
 .text.lld_pdu_rx_handler
                0x00107b48      0x298 C:/Users/fg7fww/_Install/App/DemoBoards/RSL10/Packages_RSL10_2.0/ONSemiconductor/RSL10/2.0.0//lib/ble_core/release\libblelib.a(lld_pdu.o)
                0x00107b48                lld_pdu_rx_handler
 .text.lld_util_instant_get
                0x00107de0       0x18 C:/Users/fg7fww/_Install/App/DemoBoards/RSL10/Packages_RSL10_2.0/ONSemiconductor/RSL10/2.0.0//lib/ble_core/release\libblelib.a(lld_util.o)
                0x00107de0                lld_util_instant_get
 .text.lld_util_set_bd_address
                0x00107df8       0x44 C:/Users/fg7fww/_Install/App/DemoBoards/RSL10/Packages_RSL10_2.0/ONSemiconductor/RSL10/2.0.0//lib/ble_core/release\libblelib.a(lld_util.o)
                0x00107df8                lld_util_set_bd_address
 .text.lld_util_ral_force_rpa_renew
                0x00107e3c       0x44 C:/Users/fg7fww/_Install/App/DemoBoards/RSL10/Packages_RSL10_2.0/ONSemiconductor/RSL10/2.0.0//lib/ble_core/release\libblelib.a(lld_util.o)
                0x00107e3c                lld_util_ral_force_rpa_renew
 .text.lld_util_freq2chnl
                0x00107e80       0x20 C:/Users/fg7fww/_Install/App/DemoBoards/RSL10/Packages_RSL10_2.0/ONSemiconductor/RSL10/2.0.0//lib/ble_core/release\libblelib.a(lld_util.o)
                0x00107e80                lld_util_freq2chnl
 .text.lld_util_get_local_offset
                0x00107ea0       0x16 C:/Users/fg7fww/_Install/App/DemoBoards/RSL10/Packages_RSL10_2.0/ONSemiconductor/RSL10/2.0.0//lib/ble_core/release\libblelib.a(lld_util.o)
                0x00107ea0                lld_util_get_local_offset
 .text.lld_util_get_peer_offset
                0x00107eb6       0x18 C:/Users/fg7fww/_Install/App/DemoBoards/RSL10/Packages_RSL10_2.0/ONSemiconductor/RSL10/2.0.0//lib/ble_core/release\libblelib.a(lld_util.o)
                0x00107eb6                lld_util_get_peer_offset
 .text.lld_util_connection_param_set
                0x00107ece       0x44 C:/Users/fg7fww/_Install/App/DemoBoards/RSL10/Packages_RSL10_2.0/ONSemiconductor/RSL10/2.0.0//lib/ble_core/release\libblelib.a(lld_util.o)
                0x00107ece                lld_util_connection_param_set
 *fill*         0x00107f12        0x2 
 .text.lld_util_dle_set_cs_fields
                0x00107f14       0x24 C:/Users/fg7fww/_Install/App/DemoBoards/RSL10/Packages_RSL10_2.0/ONSemiconductor/RSL10/2.0.0//lib/ble_core/release\libblelib.a(lld_util.o)
                0x00107f14                lld_util_dle_set_cs_fields
 .text.lld_util_anchor_point_move
                0x00107f38       0xde C:/Users/fg7fww/_Install/App/DemoBoards/RSL10/Packages_RSL10_2.0/ONSemiconductor/RSL10/2.0.0//lib/ble_core/release\libblelib.a(lld_util.o)
                0x00107f38                lld_util_anchor_point_move
 .text.lld_util_flush_list
                0x00108016       0x14 C:/Users/fg7fww/_Install/App/DemoBoards/RSL10/Packages_RSL10_2.0/ONSemiconductor/RSL10/2.0.0//lib/ble_core/release\libblelib.a(lld_util.o)
                0x00108016                lld_util_flush_list
 .text.lld_util_instant_ongoing
                0x0010802a        0xc C:/Users/fg7fww/_Install/App/DemoBoards/RSL10/Packages_RSL10_2.0/ONSemiconductor/RSL10/2.0.0//lib/ble_core/release\libblelib.a(lld_util.o)
                0x0010802a                lld_util_instant_ongoing
 *fill*         0x00108036        0x2 
 .text.lld_util_compute_ce_max
                0x00108038       0xb0 C:/Users/fg7fww/_Install/App/DemoBoards/RSL10/Packages_RSL10_2.0/ONSemiconductor/RSL10/2.0.0//lib/ble_core/release\libblelib.a(lld_util.o)
                0x00108038                lld_util_compute_ce_max
 .text.lld_util_priority_set
                0x001080e8       0x48 C:/Users/fg7fww/_Install/App/DemoBoards/RSL10/Packages_RSL10_2.0/ONSemiconductor/RSL10/2.0.0//lib/ble_core/release\libblelib.a(lld_util.o)
                0x001080e8                lld_util_priority_set
 .text.lld_util_get_tx_pkt_cnt
                0x00108130        0x6 C:/Users/fg7fww/_Install/App/DemoBoards/RSL10/Packages_RSL10_2.0/ONSemiconductor/RSL10/2.0.0//lib/ble_core/release\libblelib.a(lld_util.o)
                0x00108130                lld_util_get_tx_pkt_cnt
 *fill*         0x00108136        0x2 
 .text.lld_util_get_phys
                0x00108138       0x34 C:/Users/fg7fww/_Install/App/DemoBoards/RSL10/Packages_RSL10_2.0/ONSemiconductor/RSL10/2.0.0//lib/ble_core/release\libblelib.a(lld_util.o)
                0x00108138                lld_util_get_phys
 .text.lld_util_phy_update_ind
                0x0010816c       0x74 C:/Users/fg7fww/_Install/App/DemoBoards/RSL10/Packages_RSL10_2.0/ONSemiconductor/RSL10/2.0.0//lib/ble_core/release\libblelib.a(lld_util.o)
                0x0010816c                lld_util_phy_update_ind
 .text.lld_util_phy_update_req
                0x001081e0       0x40 C:/Users/fg7fww/_Install/App/DemoBoards/RSL10/Packages_RSL10_2.0/ONSemiconductor/RSL10/2.0.0//lib/ble_core/release\libblelib.a(lld_util.o)
                0x001081e0                lld_util_phy_update_req
 .text.lld_util_eff_tx_time_set
                0x00108220        0xa C:/Users/fg7fww/_Install/App/DemoBoards/RSL10/Packages_RSL10_2.0/ONSemiconductor/RSL10/2.0.0//lib/ble_core/release\libblelib.a(lld_util.o)
                0x00108220                lld_util_eff_tx_time_set
 *fill*         0x0010822a        0x2 
 .text.lld_wlcoex_set
                0x0010822c       0x18 C:/Users/fg7fww/_Install/App/DemoBoards/RSL10/Packages_RSL10_2.0/ONSemiconductor/RSL10/2.0.0//lib/ble_core/release\libblelib.a(lld_wlcoex.o)
                0x0010822c                lld_wlcoex_set
 .text.llc_init
                0x00108244       0x48 C:/Users/fg7fww/_Install/App/DemoBoards/RSL10/Packages_RSL10_2.0/ONSemiconductor/RSL10/2.0.0//lib/ble_core/release\libblelib.a(llc.o)
                0x00108244                llc_init
 .text.llc_stop
                0x0010828c       0x54 C:/Users/fg7fww/_Install/App/DemoBoards/RSL10/Packages_RSL10_2.0/ONSemiconductor/RSL10/2.0.0//lib/ble_core/release\libblelib.a(llc.o)
                0x0010828c                llc_stop
 .text.llc_reset
                0x001082e0       0x26 C:/Users/fg7fww/_Install/App/DemoBoards/RSL10/Packages_RSL10_2.0/ONSemiconductor/RSL10/2.0.0//lib/ble_core/release\libblelib.a(llc.o)
                0x001082e0                llc_reset
 .text.llc_discon_event_complete_send
                0x00108306       0x24 C:/Users/fg7fww/_Install/App/DemoBoards/RSL10/Packages_RSL10_2.0/ONSemiconductor/RSL10/2.0.0//lib/ble_core/release\libblelib.a(llc.o)
                0x00108306                llc_discon_event_complete_send
 *fill*         0x0010832a        0x2 
 .text.llc_le_con_cmp_evt_send
                0x0010832c      0x21c C:/Users/fg7fww/_Install/App/DemoBoards/RSL10/Packages_RSL10_2.0/ONSemiconductor/RSL10/2.0.0//lib/ble_core/release\libblelib.a(llc.o)
                0x0010832c                llc_le_con_cmp_evt_send
 .text.llc_start
                0x00108548      0x160 C:/Users/fg7fww/_Install/App/DemoBoards/RSL10/Packages_RSL10_2.0/ONSemiconductor/RSL10/2.0.0//lib/ble_core/release\libblelib.a(llc.o)
                0x00108548                llc_start
 .text.llc_con_update_complete_send
                0x001086a8       0x60 C:/Users/fg7fww/_Install/App/DemoBoards/RSL10/Packages_RSL10_2.0/ONSemiconductor/RSL10/2.0.0//lib/ble_core/release\libblelib.a(llc.o)
                0x001086a8                llc_con_update_complete_send
 .text.llc_ltk_req_send
                0x00108708       0x36 C:/Users/fg7fww/_Install/App/DemoBoards/RSL10/Packages_RSL10_2.0/ONSemiconductor/RSL10/2.0.0//lib/ble_core/release\libblelib.a(llc.o)
                0x00108708                llc_ltk_req_send
 .text.llc_feats_rd_event_send
                0x0010873e       0x38 C:/Users/fg7fww/_Install/App/DemoBoards/RSL10/Packages_RSL10_2.0/ONSemiconductor/RSL10/2.0.0//lib/ble_core/release\libblelib.a(llc.o)
                0x0010873e                llc_feats_rd_event_send
 *fill*         0x00108776        0x2 
 .text.llc_version_rd_event_send
                0x00108778       0x3c C:/Users/fg7fww/_Install/App/DemoBoards/RSL10/Packages_RSL10_2.0/ONSemiconductor/RSL10/2.0.0//lib/ble_core/release\libblelib.a(llc.o)
                0x00108778                llc_version_rd_event_send
 .text.llc_common_cmd_complete_send
                0x001087b4       0x20 C:/Users/fg7fww/_Install/App/DemoBoards/RSL10/Packages_RSL10_2.0/ONSemiconductor/RSL10/2.0.0//lib/ble_core/release\libblelib.a(llc.o)
                0x001087b4                llc_common_cmd_complete_send
 .text.llc_common_cmd_status_send
                0x001087d4       0x1c C:/Users/fg7fww/_Install/App/DemoBoards/RSL10/Packages_RSL10_2.0/ONSemiconductor/RSL10/2.0.0//lib/ble_core/release\libblelib.a(llc.o)
                0x001087d4                llc_common_cmd_status_send
 .text.llc_common_flush_occurred_send
                0x001087f0       0x1c C:/Users/fg7fww/_Install/App/DemoBoards/RSL10/Packages_RSL10_2.0/ONSemiconductor/RSL10/2.0.0//lib/ble_core/release\libblelib.a(llc.o)
                0x001087f0                llc_common_flush_occurred_send
 .text.llc_common_enc_key_ref_comp_evt_send
                0x0010880c       0x20 C:/Users/fg7fww/_Install/App/DemoBoards/RSL10/Packages_RSL10_2.0/ONSemiconductor/RSL10/2.0.0//lib/ble_core/release\libblelib.a(llc.o)
                0x0010880c                llc_common_enc_key_ref_comp_evt_send
 .text.llc_common_enc_change_evt_send
                0x0010882c       0x78 C:/Users/fg7fww/_Install/App/DemoBoards/RSL10/Packages_RSL10_2.0/ONSemiconductor/RSL10/2.0.0//lib/ble_core/release\libblelib.a(llc.o)
                0x0010882c                llc_common_enc_change_evt_send
 .text.llc_common_nb_of_pkt_comp_evt_send
                0x001088a4       0x24 C:/Users/fg7fww/_Install/App/DemoBoards/RSL10/Packages_RSL10_2.0/ONSemiconductor/RSL10/2.0.0//lib/ble_core/release\libblelib.a(llc.o)
                0x001088a4                llc_common_nb_of_pkt_comp_evt_send
 .text.llc_con_update_ind
                0x001088c8       0x4c C:/Users/fg7fww/_Install/App/DemoBoards/RSL10/Packages_RSL10_2.0/ONSemiconductor/RSL10/2.0.0//lib/ble_core/release\libblelib.a(llc.o)
                0x001088c8                llc_con_update_ind
 .text.llc_lsto_con_update
                0x00108914       0x44 C:/Users/fg7fww/_Install/App/DemoBoards/RSL10/Packages_RSL10_2.0/ONSemiconductor/RSL10/2.0.0//lib/ble_core/release\libblelib.a(llc.o)
                0x00108914                llc_lsto_con_update
 .text.llc_map_update_ind
                0x00108958       0x6c C:/Users/fg7fww/_Install/App/DemoBoards/RSL10/Packages_RSL10_2.0/ONSemiconductor/RSL10/2.0.0//lib/ble_core/release\libblelib.a(llc.o)
                0x00108958                llc_map_update_ind
 .text.llc_con_update_finished
                0x001089c4       0x84 C:/Users/fg7fww/_Install/App/DemoBoards/RSL10/Packages_RSL10_2.0/ONSemiconductor/RSL10/2.0.0//lib/ble_core/release\libblelib.a(llc.o)
                0x001089c4                llc_con_update_finished
 .text.llc_map_update_finished
                0x00108a48       0x7c C:/Users/fg7fww/_Install/App/DemoBoards/RSL10/Packages_RSL10_2.0/ONSemiconductor/RSL10/2.0.0//lib/ble_core/release\libblelib.a(llc.o)
                0x00108a48                llc_map_update_finished
 .text.llc_phy_update_complete_send
                0x00108ac4       0x2a C:/Users/fg7fww/_Install/App/DemoBoards/RSL10/Packages_RSL10_2.0/ONSemiconductor/RSL10/2.0.0//lib/ble_core/release\libblelib.a(llc.o)
                0x00108ac4                llc_phy_update_complete_send
 *fill*         0x00108aee        0x2 
 .text.llc_phy_update_finished
                0x00108af0       0xbc C:/Users/fg7fww/_Install/App/DemoBoards/RSL10/Packages_RSL10_2.0/ONSemiconductor/RSL10/2.0.0//lib/ble_core/release\libblelib.a(llc.o)
                0x00108af0                llc_phy_update_finished
 .text.llc_llcp_send
                0x00108bac       0x7c C:/Users/fg7fww/_Install/App/DemoBoards/RSL10/Packages_RSL10_2.0/ONSemiconductor/RSL10/2.0.0//lib/ble_core/release\libblelib.a(llc_llcp.o)
 .text.llcp_ping_rsp_handler
                0x00108c28       0x54 C:/Users/fg7fww/_Install/App/DemoBoards/RSL10/Packages_RSL10_2.0/ONSemiconductor/RSL10/2.0.0//lib/ble_core/release\libblelib.a(llc_llcp.o)
 .text.llcp_enc_rsp_handler
                0x00108c7c       0xe0 C:/Users/fg7fww/_Install/App/DemoBoards/RSL10/Packages_RSL10_2.0/ONSemiconductor/RSL10/2.0.0//lib/ble_core/release\libblelib.a(llc_llcp.o)
 .text.llcp_terminate_ind_handler
                0x00108d5c       0x4c C:/Users/fg7fww/_Install/App/DemoBoards/RSL10/Packages_RSL10_2.0/ONSemiconductor/RSL10/2.0.0//lib/ble_core/release\libblelib.a(llc_llcp.o)
 .text.llc_llcp_reject_ind
                0x00108da8      0x204 C:/Users/fg7fww/_Install/App/DemoBoards/RSL10/Packages_RSL10_2.0/ONSemiconductor/RSL10/2.0.0//lib/ble_core/release\libblelib.a(llc_llcp.o)
 .text.llcp_reject_ind_ext_handler
                0x00108fac        0xe C:/Users/fg7fww/_Install/App/DemoBoards/RSL10/Packages_RSL10_2.0/ONSemiconductor/RSL10/2.0.0//lib/ble_core/release\libblelib.a(llc_llcp.o)
 .text.llcp_reject_ind_handler
                0x00108fba        0xe C:/Users/fg7fww/_Install/App/DemoBoards/RSL10/Packages_RSL10_2.0/ONSemiconductor/RSL10/2.0.0//lib/ble_core/release\libblelib.a(llc_llcp.o)
 .text.llcp_pause_enc_req_handler
                0x00108fc8       0xb0 C:/Users/fg7fww/_Install/App/DemoBoards/RSL10/Packages_RSL10_2.0/ONSemiconductor/RSL10/2.0.0//lib/ble_core/release\libblelib.a(llc_llcp.o)
 .text.llcp_start_enc_req_handler
                0x00109078       0x68 C:/Users/fg7fww/_Install/App/DemoBoards/RSL10/Packages_RSL10_2.0/ONSemiconductor/RSL10/2.0.0//lib/ble_core/release\libblelib.a(llc_llcp.o)
 .text.llcp_enc_req_handler
                0x001090e0       0xc0 C:/Users/fg7fww/_Install/App/DemoBoards/RSL10/Packages_RSL10_2.0/ONSemiconductor/RSL10/2.0.0//lib/ble_core/release\libblelib.a(llc_llcp.o)
 .text.llcp_unknown_rsp_handler
                0x001091a0      0x230 C:/Users/fg7fww/_Install/App/DemoBoards/RSL10/Packages_RSL10_2.0/ONSemiconductor/RSL10/2.0.0//lib/ble_core/release\libblelib.a(llc_llcp.o)
 .text.llc_llcp_version_ind_pdu_send
                0x001093d0       0x2a C:/Users/fg7fww/_Install/App/DemoBoards/RSL10/Packages_RSL10_2.0/ONSemiconductor/RSL10/2.0.0//lib/ble_core/release\libblelib.a(llc_llcp.o)
                0x001093d0                llc_llcp_version_ind_pdu_send
 *fill*         0x001093fa        0x2 
 .text.llcp_vers_ind_handler
                0x001093fc       0x94 C:/Users/fg7fww/_Install/App/DemoBoards/RSL10/Packages_RSL10_2.0/ONSemiconductor/RSL10/2.0.0//lib/ble_core/release\libblelib.a(llc_llcp.o)
 .text.llc_llcp_ch_map_update_pdu_send
                0x00109490       0x44 C:/Users/fg7fww/_Install/App/DemoBoards/RSL10/Packages_RSL10_2.0/ONSemiconductor/RSL10/2.0.0//lib/ble_core/release\libblelib.a(llc_llcp.o)
                0x00109490                llc_llcp_ch_map_update_pdu_send
 .text.llc_llcp_pause_enc_req_pdu_send
                0x001094d4       0x30 C:/Users/fg7fww/_Install/App/DemoBoards/RSL10/Packages_RSL10_2.0/ONSemiconductor/RSL10/2.0.0//lib/ble_core/release\libblelib.a(llc_llcp.o)
                0x001094d4                llc_llcp_pause_enc_req_pdu_send
 .text.llc_llcp_pause_enc_rsp_pdu_send
                0x00109504       0x40 C:/Users/fg7fww/_Install/App/DemoBoards/RSL10/Packages_RSL10_2.0/ONSemiconductor/RSL10/2.0.0//lib/ble_core/release\libblelib.a(llc_llcp.o)
                0x00109504                llc_llcp_pause_enc_rsp_pdu_send
 .text.llcp_pause_enc_rsp_handler
                0x00109544       0xd4 C:/Users/fg7fww/_Install/App/DemoBoards/RSL10/Packages_RSL10_2.0/ONSemiconductor/RSL10/2.0.0//lib/ble_core/release\libblelib.a(llc_llcp.o)
 .text.llc_llcp_enc_req_pdu_send
                0x00109618       0xe0 C:/Users/fg7fww/_Install/App/DemoBoards/RSL10/Packages_RSL10_2.0/ONSemiconductor/RSL10/2.0.0//lib/ble_core/release\libblelib.a(llc_llcp.o)
                0x00109618                llc_llcp_enc_req_pdu_send
 .text.llc_llcp_enc_rsp_pdu_send
                0x001096f8       0x74 C:/Users/fg7fww/_Install/App/DemoBoards/RSL10/Packages_RSL10_2.0/ONSemiconductor/RSL10/2.0.0//lib/ble_core/release\libblelib.a(llc_llcp.o)
                0x001096f8                llc_llcp_enc_rsp_pdu_send
 .text.llc_llcp_start_enc_rsp_pdu_send
                0x0010976c       0x54 C:/Users/fg7fww/_Install/App/DemoBoards/RSL10/Packages_RSL10_2.0/ONSemiconductor/RSL10/2.0.0//lib/ble_core/release\libblelib.a(llc_llcp.o)
                0x0010976c                llc_llcp_start_enc_rsp_pdu_send
 .text.llcp_start_enc_rsp_handler
                0x001097c0      0x124 C:/Users/fg7fww/_Install/App/DemoBoards/RSL10/Packages_RSL10_2.0/ONSemiconductor/RSL10/2.0.0//lib/ble_core/release\libblelib.a(llc_llcp.o)
 .text.llc_llcp_reject_ind_pdu_send
                0x001098e4       0x5c C:/Users/fg7fww/_Install/App/DemoBoards/RSL10/Packages_RSL10_2.0/ONSemiconductor/RSL10/2.0.0//lib/ble_core/release\libblelib.a(llc_llcp.o)
                0x001098e4                llc_llcp_reject_ind_pdu_send
 .text.llcp_phy_upd_ind_handler
                0x00109940      0x1e8 C:/Users/fg7fww/_Install/App/DemoBoards/RSL10/Packages_RSL10_2.0/ONSemiconductor/RSL10/2.0.0//lib/ble_core/release\libblelib.a(llc_llcp.o)
 .text.llcp_phy_rsp_handler
                0x00109b28       0x6c C:/Users/fg7fww/_Install/App/DemoBoards/RSL10/Packages_RSL10_2.0/ONSemiconductor/RSL10/2.0.0//lib/ble_core/release\libblelib.a(llc_llcp.o)
 .text.llcp_length_rsp_handler
                0x00109b94      0x14c C:/Users/fg7fww/_Install/App/DemoBoards/RSL10/Packages_RSL10_2.0/ONSemiconductor/RSL10/2.0.0//lib/ble_core/release\libblelib.a(llc_llcp.o)
 .text.llcp_con_param_rsp_handler
                0x00109ce0       0xf0 C:/Users/fg7fww/_Install/App/DemoBoards/RSL10/Packages_RSL10_2.0/ONSemiconductor/RSL10/2.0.0//lib/ble_core/release\libblelib.a(llc_llcp.o)
 .text.llcp_feats_rsp_handler
                0x00109dd0       0xa8 C:/Users/fg7fww/_Install/App/DemoBoards/RSL10/Packages_RSL10_2.0/ONSemiconductor/RSL10/2.0.0//lib/ble_core/release\libblelib.a(llc_llcp.o)
 .text.llcp_channel_map_ind_handler
                0x00109e78      0x128 C:/Users/fg7fww/_Install/App/DemoBoards/RSL10/Packages_RSL10_2.0/ONSemiconductor/RSL10/2.0.0//lib/ble_core/release\libblelib.a(llc_llcp.o)
 .text.llcp_con_upd_ind_handler
                0x00109fa0      0x174 C:/Users/fg7fww/_Install/App/DemoBoards/RSL10/Packages_RSL10_2.0/ONSemiconductor/RSL10/2.0.0//lib/ble_core/release\libblelib.a(llc_llcp.o)
 .text.llc_llcp_con_update_pdu_send
                0x0010a114       0x3a C:/Users/fg7fww/_Install/App/DemoBoards/RSL10/Packages_RSL10_2.0/ONSemiconductor/RSL10/2.0.0//lib/ble_core/release\libblelib.a(llc_llcp.o)
                0x0010a114                llc_llcp_con_update_pdu_send
 .text.llc_llcp_con_param_req_pdu_send
                0x0010a14e       0x60 C:/Users/fg7fww/_Install/App/DemoBoards/RSL10/Packages_RSL10_2.0/ONSemiconductor/RSL10/2.0.0//lib/ble_core/release\libblelib.a(llc_llcp.o)
                0x0010a14e                llc_llcp_con_param_req_pdu_send
 .text.llc_llcp_con_param_rsp_pdu_send
                0x0010a1ae       0x60 C:/Users/fg7fww/_Install/App/DemoBoards/RSL10/Packages_RSL10_2.0/ONSemiconductor/RSL10/2.0.0//lib/ble_core/release\libblelib.a(llc_llcp.o)
                0x0010a1ae                llc_llcp_con_param_rsp_pdu_send
 *fill*         0x0010a20e        0x2 
 .text.llcp_con_param_req_handler
                0x0010a210      0x200 C:/Users/fg7fww/_Install/App/DemoBoards/RSL10/Packages_RSL10_2.0/ONSemiconductor/RSL10/2.0.0//lib/ble_core/release\libblelib.a(llc_llcp.o)
 .text.llc_llcp_feats_req_pdu_send
                0x0010a410       0x2c C:/Users/fg7fww/_Install/App/DemoBoards/RSL10/Packages_RSL10_2.0/ONSemiconductor/RSL10/2.0.0//lib/ble_core/release\libblelib.a(llc_llcp.o)
                0x0010a410                llc_llcp_feats_req_pdu_send
 .text.llc_llcp_feats_rsp_pdu_send
                0x0010a43c       0x26 C:/Users/fg7fww/_Install/App/DemoBoards/RSL10/Packages_RSL10_2.0/ONSemiconductor/RSL10/2.0.0//lib/ble_core/release\libblelib.a(llc_llcp.o)
                0x0010a43c                llc_llcp_feats_rsp_pdu_send
 *fill*         0x0010a462        0x2 
 .text.llcp_feats_req_handler
                0x0010a464       0x50 C:/Users/fg7fww/_Install/App/DemoBoards/RSL10/Packages_RSL10_2.0/ONSemiconductor/RSL10/2.0.0//lib/ble_core/release\libblelib.a(llc_llcp.o)
 .text.llcp_slave_feature_req_handler
                0x0010a4b4        0x4 C:/Users/fg7fww/_Install/App/DemoBoards/RSL10/Packages_RSL10_2.0/ONSemiconductor/RSL10/2.0.0//lib/ble_core/release\libblelib.a(llc_llcp.o)
 .text.llc_llcp_start_enc_req_pdu_send
                0x0010a4b8       0x60 C:/Users/fg7fww/_Install/App/DemoBoards/RSL10/Packages_RSL10_2.0/ONSemiconductor/RSL10/2.0.0//lib/ble_core/release\libblelib.a(llc_llcp.o)
                0x0010a4b8                llc_llcp_start_enc_req_pdu_send
 .text.llc_llcp_terminate_ind_pdu_send
                0x0010a518       0x64 C:/Users/fg7fww/_Install/App/DemoBoards/RSL10/Packages_RSL10_2.0/ONSemiconductor/RSL10/2.0.0//lib/ble_core/release\libblelib.a(llc_llcp.o)
                0x0010a518                llc_llcp_terminate_ind_pdu_send
 .text.llc_llcp_unknown_rsp_send_pdu
                0x0010a57c       0x1a C:/Users/fg7fww/_Install/App/DemoBoards/RSL10/Packages_RSL10_2.0/ONSemiconductor/RSL10/2.0.0//lib/ble_core/release\libblelib.a(llc_llcp.o)
                0x0010a57c                llc_llcp_unknown_rsp_send_pdu
 .text.llc_llcp_ping_req_pdu_send
                0x0010a596       0x16 C:/Users/fg7fww/_Install/App/DemoBoards/RSL10/Packages_RSL10_2.0/ONSemiconductor/RSL10/2.0.0//lib/ble_core/release\libblelib.a(llc_llcp.o)
                0x0010a596                llc_llcp_ping_req_pdu_send
 .text.llc_llcp_ping_rsp_pdu_send
                0x0010a5ac       0x16 C:/Users/fg7fww/_Install/App/DemoBoards/RSL10/Packages_RSL10_2.0/ONSemiconductor/RSL10/2.0.0//lib/ble_core/release\libblelib.a(llc_llcp.o)
                0x0010a5ac                llc_llcp_ping_rsp_pdu_send
 *fill*         0x0010a5c2        0x2 
 .text.llcp_ping_req_handler
                0x0010a5c4       0x24 C:/Users/fg7fww/_Install/App/DemoBoards/RSL10/Packages_RSL10_2.0/ONSemiconductor/RSL10/2.0.0//lib/ble_core/release\libblelib.a(llc_llcp.o)
 .text.llc_llcp_length_req_pdu_send
                0x0010a5e8       0x40 C:/Users/fg7fww/_Install/App/DemoBoards/RSL10/Packages_RSL10_2.0/ONSemiconductor/RSL10/2.0.0//lib/ble_core/release\libblelib.a(llc_llcp.o)
                0x0010a5e8                llc_llcp_length_req_pdu_send
 .text.llc_llcp_length_rsp_pdu_send
                0x0010a628       0x40 C:/Users/fg7fww/_Install/App/DemoBoards/RSL10/Packages_RSL10_2.0/ONSemiconductor/RSL10/2.0.0//lib/ble_core/release\libblelib.a(llc_llcp.o)
                0x0010a628                llc_llcp_length_rsp_pdu_send
 .text.llcp_length_req_handler
                0x0010a668      0x104 C:/Users/fg7fww/_Install/App/DemoBoards/RSL10/Packages_RSL10_2.0/ONSemiconductor/RSL10/2.0.0//lib/ble_core/release\libblelib.a(llc_llcp.o)
 .text.llc_llcp_phy_req_pdu_send
                0x0010a76c       0x22 C:/Users/fg7fww/_Install/App/DemoBoards/RSL10/Packages_RSL10_2.0/ONSemiconductor/RSL10/2.0.0//lib/ble_core/release\libblelib.a(llc_llcp.o)
                0x0010a76c                llc_llcp_phy_req_pdu_send
 .text.llc_llcp_phy_rsp_pdu_send
                0x0010a78e       0x22 C:/Users/fg7fww/_Install/App/DemoBoards/RSL10/Packages_RSL10_2.0/ONSemiconductor/RSL10/2.0.0//lib/ble_core/release\libblelib.a(llc_llcp.o)
                0x0010a78e                llc_llcp_phy_rsp_pdu_send
 .text.llcp_phy_req_handler
                0x0010a7b0      0x174 C:/Users/fg7fww/_Install/App/DemoBoards/RSL10/Packages_RSL10_2.0/ONSemiconductor/RSL10/2.0.0//lib/ble_core/release\libblelib.a(llc_llcp.o)
 .text.llc_llcp_phy_upd_ind_pdu_send
                0x0010a924       0x28 C:/Users/fg7fww/_Install/App/DemoBoards/RSL10/Packages_RSL10_2.0/ONSemiconductor/RSL10/2.0.0//lib/ble_core/release\libblelib.a(llc_llcp.o)
                0x0010a924                llc_llcp_phy_upd_ind_pdu_send
 .text.llc_llcp_recv_handler
                0x0010a94c       0x98 C:/Users/fg7fww/_Install/App/DemoBoards/RSL10/Packages_RSL10_2.0/ONSemiconductor/RSL10/2.0.0//lib/ble_core/release\libblelib.a(llc_llcp.o)
                0x0010a94c                llc_llcp_recv_handler
 .text.llc_llcp_get_autorize
                0x0010a9e4       0x14 C:/Users/fg7fww/_Install/App/DemoBoards/RSL10/Packages_RSL10_2.0/ONSemiconductor/RSL10/2.0.0//lib/ble_core/release\libblelib.a(llc_llcp.o)
                0x0010a9e4                llc_llcp_get_autorize
 .text.llc_dft_handler
                0x0010a9f8        0x4 C:/Users/fg7fww/_Install/App/DemoBoards/RSL10/Packages_RSL10_2.0/ONSemiconductor/RSL10/2.0.0//lib/ble_core/release\libblelib.a(llc_task.o)
 .text.llm_enc_ind_handler
                0x0010a9fc       0xc8 C:/Users/fg7fww/_Install/App/DemoBoards/RSL10/Packages_RSL10_2.0/ONSemiconductor/RSL10/2.0.0//lib/ble_core/release\libblelib.a(llc_task.o)
 .text.llc_llcp_recv_ind_handler
                0x0010aac4        0xc C:/Users/fg7fww/_Install/App/DemoBoards/RSL10/Packages_RSL10_2.0/ONSemiconductor/RSL10/2.0.0//lib/ble_core/release\libblelib.a(llc_task.o)
 .text.llc_phy_upd_req_ind_handler
                0x0010aad0      0x308 C:/Users/fg7fww/_Install/App/DemoBoards/RSL10/Packages_RSL10_2.0/ONSemiconductor/RSL10/2.0.0//lib/ble_core/release\libblelib.a(llc_task.o)
 .text.llc_chmap_update_req_ind_handler
                0x0010add8       0x68 C:/Users/fg7fww/_Install/App/DemoBoards/RSL10/Packages_RSL10_2.0/ONSemiconductor/RSL10/2.0.0//lib/ble_core/release\libblelib.a(llc_task.o)
 .text.llc_auth_payl_real_to_ind_handler
                0x0010ae40       0x5c C:/Users/fg7fww/_Install/App/DemoBoards/RSL10/Packages_RSL10_2.0/ONSemiconductor/RSL10/2.0.0//lib/ble_core/release\libblelib.a(llc_task.o)
 .text.llc_con_upd_req_ind_handler
                0x0010ae9c      0x1d0 C:/Users/fg7fww/_Install/App/DemoBoards/RSL10/Packages_RSL10_2.0/ONSemiconductor/RSL10/2.0.0//lib/ble_core/release\libblelib.a(llc_task.o)
 .text.llc_length_req_ind_handler
                0x0010b06c       0x80 C:/Users/fg7fww/_Install/App/DemoBoards/RSL10/Packages_RSL10_2.0/ONSemiconductor/RSL10/2.0.0//lib/ble_core/release\libblelib.a(llc_task.o)
 .text.llc_task_random_gen_request
                0x0010b0ec       0x32 C:/Users/fg7fww/_Install/App/DemoBoards/RSL10/Packages_RSL10_2.0/ONSemiconductor/RSL10/2.0.0//lib/ble_core/release\libblelib.a(llc_task.o)
 *fill*         0x0010b11e        0x2 
 .text.llc_enc_mgt_ind_handler
                0x0010b120      0x210 C:/Users/fg7fww/_Install/App/DemoBoards/RSL10/Packages_RSL10_2.0/ONSemiconductor/RSL10/2.0.0//lib/ble_core/release\libblelib.a(llc_task.o)
 .text.llc_chnl_assess_timer_handler
                0x0010b330       0x8c C:/Users/fg7fww/_Install/App/DemoBoards/RSL10/Packages_RSL10_2.0/ONSemiconductor/RSL10/2.0.0//lib/ble_core/release\libblelib.a(llc_task.o)
 .text.llc_llcp_rsp_to_ind_handler
                0x0010b3bc        0xe C:/Users/fg7fww/_Install/App/DemoBoards/RSL10/Packages_RSL10_2.0/ONSemiconductor/RSL10/2.0.0//lib/ble_core/release\libblelib.a(llc_task.o)
 .text.llc_link_sup_to_ind_handler
                0x0010b3ca       0x20 C:/Users/fg7fww/_Install/App/DemoBoards/RSL10/Packages_RSL10_2.0/ONSemiconductor/RSL10/2.0.0//lib/ble_core/release\libblelib.a(llc_task.o)
 *fill*         0x0010b3ea        0x2 
 .text.llc_auth_payl_nearly_to_ind_handler
                0x0010b3ec       0x74 C:/Users/fg7fww/_Install/App/DemoBoards/RSL10/Packages_RSL10_2.0/ONSemiconductor/RSL10/2.0.0//lib/ble_core/release\libblelib.a(llc_task.o)
 .text.llc_data_ind_handler
                0x0010b460       0x58 C:/Users/fg7fww/_Install/App/DemoBoards/RSL10/Packages_RSL10_2.0/ONSemiconductor/RSL10/2.0.0//lib/ble_core/release\libblelib.a(llc_task.o)
 .text.lld_stop_ind_handler
                0x0010b4b8      0x120 C:/Users/fg7fww/_Install/App/DemoBoards/RSL10/Packages_RSL10_2.0/ONSemiconductor/RSL10/2.0.0//lib/ble_core/release\libblelib.a(llc_task.o)
 .text.llc_check_trafic_paused
                0x0010b5d8       0x48 C:/Users/fg7fww/_Install/App/DemoBoards/RSL10/Packages_RSL10_2.0/ONSemiconductor/RSL10/2.0.0//lib/ble_core/release\libblelib.a(llc_util.o)
 .text.llc_util_get_free_conhdl
                0x0010b620       0x2a C:/Users/fg7fww/_Install/App/DemoBoards/RSL10/Packages_RSL10_2.0/ONSemiconductor/RSL10/2.0.0//lib/ble_core/release\libblelib.a(llc_util.o)
                0x0010b620                llc_util_get_free_conhdl
 .text.llc_util_get_nb_active_link
                0x0010b64a       0x28 C:/Users/fg7fww/_Install/App/DemoBoards/RSL10/Packages_RSL10_2.0/ONSemiconductor/RSL10/2.0.0//lib/ble_core/release\libblelib.a(llc_util.o)
                0x0010b64a                llc_util_get_nb_active_link
 *fill*         0x0010b672        0x2 
 .text.llc_util_dicon_procedure
                0x0010b674       0x3c C:/Users/fg7fww/_Install/App/DemoBoards/RSL10/Packages_RSL10_2.0/ONSemiconductor/RSL10/2.0.0//lib/ble_core/release\libblelib.a(llc_util.o)
                0x0010b674                llc_util_dicon_procedure
 .text.llc_util_update_channel_map
                0x0010b6b0       0x18 C:/Users/fg7fww/_Install/App/DemoBoards/RSL10/Packages_RSL10_2.0/ONSemiconductor/RSL10/2.0.0//lib/ble_core/release\libblelib.a(llc_util.o)
                0x0010b6b0                llc_util_update_channel_map
 .text.llc_util_set_auth_payl_to_margin
                0x0010b6c8       0x34 C:/Users/fg7fww/_Install/App/DemoBoards/RSL10/Packages_RSL10_2.0/ONSemiconductor/RSL10/2.0.0//lib/ble_core/release\libblelib.a(llc_util.o)
                0x0010b6c8                llc_util_set_auth_payl_to_margin
 .text.llc_util_clear_operation_ptr
                0x0010b6fc       0x20 C:/Users/fg7fww/_Install/App/DemoBoards/RSL10/Packages_RSL10_2.0/ONSemiconductor/RSL10/2.0.0//lib/ble_core/release\libblelib.a(llc_util.o)
                0x0010b6fc                llc_util_clear_operation_ptr
 .text.llc_util_bw_mgt
                0x0010b71c       0x60 C:/Users/fg7fww/_Install/App/DemoBoards/RSL10/Packages_RSL10_2.0/ONSemiconductor/RSL10/2.0.0//lib/ble_core/release\libblelib.a(llc_util.o)
                0x0010b71c                llc_util_bw_mgt
 .text.llc_end_evt_defer
                0x0010b77c       0x50 C:/Users/fg7fww/_Install/App/DemoBoards/RSL10/Packages_RSL10_2.0/ONSemiconductor/RSL10/2.0.0//lib/ble_core/release\libblelib.a(llc_util.o)
                0x0010b77c                llc_end_evt_defer
 .text.llc_pdu_llcp_tx_ack_defer
                0x0010b7cc       0xd4 C:/Users/fg7fww/_Install/App/DemoBoards/RSL10/Packages_RSL10_2.0/ONSemiconductor/RSL10/2.0.0//lib/ble_core/release\libblelib.a(llc_util.o)
                0x0010b7cc                llc_pdu_llcp_tx_ack_defer
 .text.llc_pdu_acl_tx_ack_defer
                0x0010b8a0       0x24 C:/Users/fg7fww/_Install/App/DemoBoards/RSL10/Packages_RSL10_2.0/ONSemiconductor/RSL10/2.0.0//lib/ble_core/release\libblelib.a(llc_util.o)
                0x0010b8a0                llc_pdu_acl_tx_ack_defer
 .text.llc_pdu_defer
                0x0010b8c4       0xd4 C:/Users/fg7fww/_Install/App/DemoBoards/RSL10/Packages_RSL10_2.0/ONSemiconductor/RSL10/2.0.0//lib/ble_core/release\libblelib.a(llc_util.o)
                0x0010b8c4                llc_pdu_defer
 .text.em_buf_init
                0x0010b998       0xec C:/Users/fg7fww/_Install/App/DemoBoards/RSL10/Packages_RSL10_2.0/ONSemiconductor/RSL10/2.0.0//lib/ble_core/release\libblelib.a(em_buf.o)
                0x0010b998                em_buf_init
 .text.em_buf_rx_free
                0x0010ba84       0x14 C:/Users/fg7fww/_Install/App/DemoBoards/RSL10/Packages_RSL10_2.0/ONSemiconductor/RSL10/2.0.0//lib/ble_core/release\libblelib.a(em_buf.o)
                0x0010ba84                em_buf_rx_free
 .text.em_buf_rx_buff_addr_get
                0x0010ba98       0x18 C:/Users/fg7fww/_Install/App/DemoBoards/RSL10/Packages_RSL10_2.0/ONSemiconductor/RSL10/2.0.0//lib/ble_core/release\libblelib.a(em_buf.o)
                0x0010ba98                em_buf_rx_buff_addr_get
 .text.em_buf_tx_free
                0x0010bab0       0x64 C:/Users/fg7fww/_Install/App/DemoBoards/RSL10/Packages_RSL10_2.0/ONSemiconductor/RSL10/2.0.0//lib/ble_core/release\libblelib.a(em_buf.o)
                0x0010bab0                em_buf_tx_free
 .text.rwble_hl_init
                0x0010bb14       0x1e C:/Users/fg7fww/_Install/App/DemoBoards/RSL10/Packages_RSL10_2.0/ONSemiconductor/RSL10/2.0.0//lib/ble_core/release\libblelib.a(rwble_hl.o)
                0x0010bb14                rwble_hl_init
 .text.rwble_hl_reset
                0x0010bb32       0x1e C:/Users/fg7fww/_Install/App/DemoBoards/RSL10/Packages_RSL10_2.0/ONSemiconductor/RSL10/2.0.0//lib/ble_core/release\libblelib.a(rwble_hl.o)
                0x0010bb32                rwble_hl_reset
 .text.l2cm_l2cap_tx_handler
                0x0010bb50       0x48 C:/Users/fg7fww/_Install/App/DemoBoards/RSL10/Packages_RSL10_2.0/ONSemiconductor/RSL10/2.0.0//lib/ble_core/release\libblelib.a(l2cm.o)
 .text.l2cm_init
                0x0010bb98       0x30 C:/Users/fg7fww/_Install/App/DemoBoards/RSL10/Packages_RSL10_2.0/ONSemiconductor/RSL10/2.0.0//lib/ble_core/release\libblelib.a(l2cm.o)
                0x0010bb98                l2cm_init
 .text.l2cm_set_link_layer_buff_size
                0x0010bbc8       0x10 C:/Users/fg7fww/_Install/App/DemoBoards/RSL10/Packages_RSL10_2.0/ONSemiconductor/RSL10/2.0.0//lib/ble_core/release\libblelib.a(l2cm.o)
                0x0010bbc8                l2cm_set_link_layer_buff_size
 .text.l2cm_get_nb_buffer_available
                0x0010bbd8        0xc C:/Users/fg7fww/_Install/App/DemoBoards/RSL10/Packages_RSL10_2.0/ONSemiconductor/RSL10/2.0.0//lib/ble_core/release\libblelib.a(l2cm.o)
                0x0010bbd8                l2cm_get_nb_buffer_available
 .text.l2cm_tx_status
                0x0010bbe4       0x30 C:/Users/fg7fww/_Install/App/DemoBoards/RSL10/Packages_RSL10_2.0/ONSemiconductor/RSL10/2.0.0//lib/ble_core/release\libblelib.a(l2cm.o)
                0x0010bbe4                l2cm_tx_status
 .text.l2cm_create
                0x0010bc14       0x14 C:/Users/fg7fww/_Install/App/DemoBoards/RSL10/Packages_RSL10_2.0/ONSemiconductor/RSL10/2.0.0//lib/ble_core/release\libblelib.a(l2cm.o)
                0x0010bc14                l2cm_create
 .text.l2cm_cleanup
                0x0010bc28       0x16 C:/Users/fg7fww/_Install/App/DemoBoards/RSL10/Packages_RSL10_2.0/ONSemiconductor/RSL10/2.0.0//lib/ble_core/release\libblelib.a(l2cm.o)
                0x0010bc28                l2cm_cleanup
 *fill*         0x0010bc3e        0x2 
 .text.l2cc_create
                0x0010bc40       0x3c C:/Users/fg7fww/_Install/App/DemoBoards/RSL10/Packages_RSL10_2.0/ONSemiconductor/RSL10/2.0.0//lib/ble_core/release\libblelib.a(l2cc.o)
                0x0010bc40                l2cc_create
 .text.l2cc_update_state
                0x0010bc7c       0x2a C:/Users/fg7fww/_Install/App/DemoBoards/RSL10/Packages_RSL10_2.0/ONSemiconductor/RSL10/2.0.0//lib/ble_core/release\libblelib.a(l2cc.o)
                0x0010bc7c                l2cc_update_state
 *fill*         0x0010bca6        0x2 
 .text.l2cc_send_complete_evt
                0x0010bca8       0x60 C:/Users/fg7fww/_Install/App/DemoBoards/RSL10/Packages_RSL10_2.0/ONSemiconductor/RSL10/2.0.0//lib/ble_core/release\libblelib.a(l2cc.o)
                0x0010bca8                l2cc_send_complete_evt
 .text.l2cc_send_error_evt
                0x0010bd08       0x2e C:/Users/fg7fww/_Install/App/DemoBoards/RSL10/Packages_RSL10_2.0/ONSemiconductor/RSL10/2.0.0//lib/ble_core/release\libblelib.a(l2cc.o)
                0x0010bd08                l2cc_send_error_evt
 *fill*         0x0010bd36        0x2 
 .text.l2cc_cleanup
                0x0010bd38       0xac C:/Users/fg7fww/_Install/App/DemoBoards/RSL10/Packages_RSL10_2.0/ONSemiconductor/RSL10/2.0.0//lib/ble_core/release\libblelib.a(l2cc.o)
                0x0010bd38                l2cc_cleanup
 .text.l2cc_init
                0x0010bde4       0x34 C:/Users/fg7fww/_Install/App/DemoBoards/RSL10/Packages_RSL10_2.0/ONSemiconductor/RSL10/2.0.0//lib/ble_core/release\libblelib.a(l2cc.o)
                0x0010bde4                l2cc_init
 .text.l2cc_get_operation
                0x0010be18       0x14 C:/Users/fg7fww/_Install/App/DemoBoards/RSL10/Packages_RSL10_2.0/ONSemiconductor/RSL10/2.0.0//lib/ble_core/release\libblelib.a(l2cc.o)
                0x0010be18                l2cc_get_operation
 .text.l2cc_get_operation_ptr
                0x0010be2c       0x10 C:/Users/fg7fww/_Install/App/DemoBoards/RSL10/Packages_RSL10_2.0/ONSemiconductor/RSL10/2.0.0//lib/ble_core/release\libblelib.a(l2cc.o)
                0x0010be2c                l2cc_get_operation_ptr
 .text.l2cc_set_operation_ptr
                0x0010be3c       0x10 C:/Users/fg7fww/_Install/App/DemoBoards/RSL10/Packages_RSL10_2.0/ONSemiconductor/RSL10/2.0.0//lib/ble_core/release\libblelib.a(l2cc.o)
                0x0010be3c                l2cc_set_operation_ptr
 .text.l2cc_data_send
                0x0010be4c      0x24c C:/Users/fg7fww/_Install/App/DemoBoards/RSL10/Packages_RSL10_2.0/ONSemiconductor/RSL10/2.0.0//lib/ble_core/release\libblelib.a(l2cc.o)
                0x0010be4c                l2cc_data_send
 .text.l2cc_lecb_h2l_err
                0x0010c098       0x30 C:/Users/fg7fww/_Install/App/DemoBoards/RSL10/Packages_RSL10_2.0/ONSemiconductor/RSL10/2.0.0//lib/ble_core/release\libblelib.a(l2cc_lecb.o)
                0x0010c098                l2cc_lecb_h2l_err
 .text.l2cc_lecb_find
                0x0010c0c8       0x38 C:/Users/fg7fww/_Install/App/DemoBoards/RSL10/Packages_RSL10_2.0/ONSemiconductor/RSL10/2.0.0//lib/ble_core/release\libblelib.a(l2cc_lecb.o)
                0x0010c0c8                l2cc_lecb_find
 .text.l2cc_lecb_free
                0x0010c100       0xc4 C:/Users/fg7fww/_Install/App/DemoBoards/RSL10/Packages_RSL10_2.0/ONSemiconductor/RSL10/2.0.0//lib/ble_core/release\libblelib.a(l2cc_lecb.o)
                0x0010c100                l2cc_lecb_free
 .text.l2cc_lecb_init_disconnect
                0x0010c1c4       0x36 C:/Users/fg7fww/_Install/App/DemoBoards/RSL10/Packages_RSL10_2.0/ONSemiconductor/RSL10/2.0.0//lib/ble_core/release\libblelib.a(l2cc_lecb.o)
                0x0010c1c4                l2cc_lecb_init_disconnect
 .text.l2cc_lecb_send_con_req
                0x0010c1fa       0x54 C:/Users/fg7fww/_Install/App/DemoBoards/RSL10/Packages_RSL10_2.0/ONSemiconductor/RSL10/2.0.0//lib/ble_core/release\libblelib.a(l2cc_lecb.o)
                0x0010c1fa                l2cc_lecb_send_con_req
 .text.l2cc_lecb_send_con_rsp
                0x0010c24e       0x42 C:/Users/fg7fww/_Install/App/DemoBoards/RSL10/Packages_RSL10_2.0/ONSemiconductor/RSL10/2.0.0//lib/ble_core/release\libblelib.a(l2cc_lecb.o)
                0x0010c24e                l2cc_lecb_send_con_rsp
 .text.l2cc_lecb_send_disc_req
                0x0010c290       0x3a C:/Users/fg7fww/_Install/App/DemoBoards/RSL10/Packages_RSL10_2.0/ONSemiconductor/RSL10/2.0.0//lib/ble_core/release\libblelib.a(l2cc_lecb.o)
                0x0010c290                l2cc_lecb_send_disc_req
 .text.l2cc_lecb_send_disc_rsp
                0x0010c2ca       0x2a C:/Users/fg7fww/_Install/App/DemoBoards/RSL10/Packages_RSL10_2.0/ONSemiconductor/RSL10/2.0.0//lib/ble_core/release\libblelib.a(l2cc_lecb.o)
                0x0010c2ca                l2cc_lecb_send_disc_rsp
 .text.l2cc_lecb_send_credit_add
                0x0010c2f4       0x2a C:/Users/fg7fww/_Install/App/DemoBoards/RSL10/Packages_RSL10_2.0/ONSemiconductor/RSL10/2.0.0//lib/ble_core/release\libblelib.a(l2cc_lecb.o)
                0x0010c2f4                l2cc_lecb_send_credit_add
 *fill*         0x0010c31e        0x2 
 .text.l2cc_lecb_pdu_pack
                0x0010c320       0x6c C:/Users/fg7fww/_Install/App/DemoBoards/RSL10/Packages_RSL10_2.0/ONSemiconductor/RSL10/2.0.0//lib/ble_core/release\libblelib.a(l2cc_pdu.o)
                0x0010c320                l2cc_lecb_pdu_pack
 .text.l2cc_lecb_pdu_unpack
                0x0010c38c       0x4c C:/Users/fg7fww/_Install/App/DemoBoards/RSL10/Packages_RSL10_2.0/ONSemiconductor/RSL10/2.0.0//lib/ble_core/release\libblelib.a(l2cc_pdu.o)
                0x0010c38c                l2cc_lecb_pdu_unpack
 .text.l2cc_pdu_pack
                0x0010c3d8      0x2a0 C:/Users/fg7fww/_Install/App/DemoBoards/RSL10/Packages_RSL10_2.0/ONSemiconductor/RSL10/2.0.0//lib/ble_core/release\libblelib.a(l2cc_pdu.o)
                0x0010c3d8                l2cc_pdu_pack
 .text.l2cc_pdu_unpack
                0x0010c678      0x290 C:/Users/fg7fww/_Install/App/DemoBoards/RSL10/Packages_RSL10_2.0/ONSemiconductor/RSL10/2.0.0//lib/ble_core/release\libblelib.a(l2cc_pdu.o)
                0x0010c678                l2cc_pdu_unpack
 .text.l2cc_pdu_header_check